test_after_freeze_preserves_graph_and_calibration_history (__main__.C5ReplayChecks.test_after_freeze_preserves_graph_and_calibration_history) ... ok
test_auto_general_and_chunked_replay_are_equal (__main__.C5ReplayChecks.test_auto_general_and_chunked_replay_are_equal) ... ok
test_before_freeze_removes_support_without_rewriting_closed_fit_bin (__main__.C5ReplayChecks.test_before_freeze_removes_support_without_rewriting_closed_fit_bin) ... ok
test_calibration_only_service_is_appended_with_no_fit_membership (__main__.C5ReplayChecks.test_calibration_only_service_is_appended_with_no_fit_membership) ... ok
test_clean_independent_edge_witness_survives_other_key_quarantine (__main__.C5ReplayChecks.test_clean_independent_edge_witness_survives_other_key_quarantine) ... ok
test_clean_unique_keys_have_analytic_counts_and_one_edge (__main__.C5ReplayChecks.test_clean_unique_keys_have_analytic_counts_and_one_edge) ... ok
test_composite_identity_allows_same_span_id_in_different_trace (__main__.C5ReplayChecks.test_composite_identity_allows_same_span_id_in_different_trace) ... ok
test_conflict_at_warmup_boundary_preserves_fit_and_cal_bins (__main__.C5ReplayChecks.test_conflict_at_warmup_boundary_preserves_fit_and_cal_bins) ... ok
test_exact_fit_boundary_service_is_calibration_only (__main__.C5ReplayChecks.test_exact_fit_boundary_service_is_calibration_only) ... ok
test_exact_freeze_belongs_to_next_bin_and_cannot_change_graph (__main__.C5ReplayChecks.test_exact_freeze_belongs_to_next_bin_and_cannot_change_graph) ... ok
test_exact_warmup_boundary_does_not_expand_service_universe (__main__.C5ReplayChecks.test_exact_warmup_boundary_does_not_expand_service_universe) ... ok
test_future_conflict_cannot_change_cutoff_materialization (__main__.C5ReplayChecks.test_future_conflict_cannot_change_cutoff_materialization) ... ok
test_identical_duplicate_is_one_count_and_one_support (__main__.C5ReplayChecks.test_identical_duplicate_is_one_count_and_one_support) ... ok
test_metric_conflict_masks_only_its_own_channel_bin (__main__.C5ReplayChecks.test_metric_conflict_masks_only_its_own_channel_bin) ... ok
test_missing_key_known_owner_masks_local_trace_without_tombstone (__main__.C5ReplayChecks.test_missing_key_known_owner_masks_local_trace_without_tombstone) ... ok
test_missing_key_unknown_owner_masks_all_without_fabricated_identity (__main__.C5ReplayChecks.test_missing_key_unknown_owner_masks_all_without_fabricated_identity) ... ok
test_missing_log_file_is_unavailable_not_zero (__main__.C5ReplayChecks.test_missing_log_file_is_unavailable_not_zero) ... ok
test_missing_parent_keeps_child_count_and_does_not_invent_edge (__main__.C5ReplayChecks.test_missing_parent_keeps_child_count_and_does_not_invent_edge) ... ok
test_null_payload_sentinel_does_not_make_identical_copy_conflicting (__main__.C5ReplayChecks.test_null_payload_sentinel_does_not_make_identical_copy_conflicting) ... ok
test_numeric_cache_roundtrip_preserves_exact_cutoff (__main__.C5ReplayChecks.test_numeric_cache_roundtrip_preserves_exact_cutoff) ... ok
test_only_masked_positive_fit_count_does_not_establish_presence (__main__.C5ReplayChecks.test_only_masked_positive_fit_count_does_not_establish_presence) ... ok
test_optional_bad_log_clock_is_explicit_and_does_not_veto_MT (__main__.C5ReplayChecks.test_optional_bad_log_clock_is_explicit_and_does_not_veto_MT) ... ok
test_owner_union_expands_only_from_its_encounter (__main__.C5ReplayChecks.test_owner_union_expands_only_from_its_encounter) ... ok
test_preorigin_records_cannot_poison_identity_or_repair_parent (__main__.C5ReplayChecks.test_preorigin_records_cannot_poison_identity_or_repair_parent) ... ok
test_quarantined_parent_removes_edge_not_clean_child_count (__main__.C5ReplayChecks.test_quarantined_parent_removes_edge_not_clean_child_count) ... ok
test_repeated_quarantine_and_service_recovery (__main__.C5ReplayChecks.test_repeated_quarantine_and_service_recovery) ... ok
test_same_open_bin_first_count_is_masked_but_prior_bin_immutable (__main__.C5ReplayChecks.test_same_open_bin_first_count_is_masked_but_prior_bin_immutable) ... ok
test_same_time_conflict_is_batch_permutation_invariant (__main__.C5ReplayChecks.test_same_time_conflict_is_batch_permutation_invariant) ... ok
test_time_translation_preserves_numeric_outputs (__main__.C5ReplayChecks.test_time_translation_preserves_numeric_outputs) ... ok
test_trace_conflict_never_changes_metrics_or_logs (__main__.C5ReplayChecks.test_trace_conflict_never_changes_metrics_or_logs) ... ok
test_unknown_owner_masks_all_trace_channels_only_in_that_bin (__main__.C5ReplayChecks.test_unknown_owner_masks_all_trace_channels_only_in_that_bin) ... ok
test_unplaceable_trace_clock_is_explicit_admission_failure (__main__.C5ReplayChecks.test_unplaceable_trace_clock_is_explicit_admission_failure) ... ok

----------------------------------------------------------------------
Ran 32 tests in 1.362s

OK
