test_real_ci_exception_is_failure_not_empty_ranking (__main__.RCDRuntimeQualification) ... ok
test_real_valid_empty_is_success (__main__.RCDRuntimeQualification) ... ok
test_runtime_is_exact_bare_implementation (__main__.RCDRuntimeQualification) ... ok
test_three_seeds_registered_bins_real_ci_and_repeat_determinism (__main__.RCDRuntimeQualification) ... D:\Project\flash-ticket-rca-research\environments\task-e\rcd39\lib\site-packages\sklearn\preprocessing\_discretization.py:268: ConvergenceWarning: Number of distinct clusters (5) found smaller than n_clusters (7). Possibly due to duplicate points in X.
  centers = km.fit(column[:, None]).cluster_centers_[:, 0]
D:\Project\flash-ticket-rca-research\environments\task-e\rcd39\lib\site-packages\sklearn\preprocessing\_discretization.py:279: UserWarning: Bins whose width are too small (i.e., <= 1e-8) in feature 3 are removed. Consider decreasing the number of bins.
  warnings.warn(
D:\Project\flash-ticket-rca-research\environments\task-e\rcd39\lib\site-packages\sklearn\preprocessing\_discretization.py:268: ConvergenceWarning: Number of distinct clusters (5) found smaller than n_clusters (7). Possibly due to duplicate points in X.
  centers = km.fit(column[:, None]).cluster_centers_[:, 0]
D:\Project\flash-ticket-rca-research\environments\task-e\rcd39\lib\site-packages\sklearn\preprocessing\_discretization.py:279: UserWarning: Bins whose width are too small (i.e., <= 1e-8) in feature 3 are removed. Consider decreasing the number of bins.
  warnings.warn(
D:\Project\flash-ticket-rca-research\environments\task-e\rcd39\lib\site-packages\sklearn\preprocessing\_discretization.py:268: ConvergenceWarning: Number of distinct clusters (5) found smaller than n_clusters (7). Possibly due to duplicate points in X.
  centers = km.fit(column[:, None]).cluster_centers_[:, 0]
D:\Project\flash-ticket-rca-research\environments\task-e\rcd39\lib\site-packages\sklearn\preprocessing\_discretization.py:279: UserWarning: Bins whose width are too small (i.e., <= 1e-8) in feature 1 are removed. Consider decreasing the number of bins.
  warnings.warn(
D:\Project\flash-ticket-rca-research\environments\task-e\rcd39\lib\site-packages\sklearn\preprocessing\_discretization.py:268: ConvergenceWarning: Number of distinct clusters (5) found smaller than n_clusters (7). Possibly due to duplicate points in X.
  centers = km.fit(column[:, None]).cluster_centers_[:, 0]
D:\Project\flash-ticket-rca-research\environments\task-e\rcd39\lib\site-packages\sklearn\preprocessing\_discretization.py:279: UserWarning: Bins whose width are too small (i.e., <= 1e-8) in feature 1 are removed. Consider decreasing the number of bins.
  warnings.warn(
D:\Project\flash-ticket-rca-research\environments\task-e\rcd39\lib\site-packages\sklearn\preprocessing\_discretization.py:268: ConvergenceWarning: Number of distinct clusters (5) found smaller than n_clusters (7). Possibly due to duplicate points in X.
  centers = km.fit(column[:, None]).cluster_centers_[:, 0]
D:\Project\flash-ticket-rca-research\environments\task-e\rcd39\lib\site-packages\sklearn\preprocessing\_discretization.py:279: UserWarning: Bins whose width are too small (i.e., <= 1e-8) in feature 0 are removed. Consider decreasing the number of bins.
  warnings.warn(
D:\Project\flash-ticket-rca-research\environments\task-e\rcd39\lib\site-packages\sklearn\preprocessing\_discretization.py:268: ConvergenceWarning: Number of distinct clusters (5) found smaller than n_clusters (7). Possibly due to duplicate points in X.
  centers = km.fit(column[:, None]).cluster_centers_[:, 0]
D:\Project\flash-ticket-rca-research\environments\task-e\rcd39\lib\site-packages\sklearn\preprocessing\_discretization.py:279: UserWarning: Bins whose width are too small (i.e., <= 1e-8) in feature 0 are removed. Consider decreasing the number of bins.
  warnings.warn(
ok

----------------------------------------------------------------------
Ran 4 tests in 15.670s

OK
