test_nonconsecutive_and_infinite_score_fail (__main__.EventChecks.test_nonconsecutive_and_infinite_score_fail) ... ok
test_one_missing_channel_does_not_reset_valid_system_streak (__main__.EventChecks.test_one_missing_channel_does_not_reset_valid_system_streak) ... ok
test_refractory_boundary (__main__.EventChecks.test_refractory_boundary) ... ok
test_threshold_equality_streak_reset_and_first_trigger (__main__.EventChecks.test_threshold_equality_streak_reset_and_first_trigger) ... ok
test_absent_fit_cannot_join_later (__main__.MembershipChecks.test_absent_fit_cannot_join_later) ... ok
test_calibration_only_node_is_padded_absent (__main__.MembershipChecks.test_calibration_only_node_is_padded_absent) ... ok
test_channels_have_independent_denominators (__main__.MembershipChecks.test_channels_have_independent_denominators) ... ok
test_fit_calibration_input_gates_and_coefficients (__main__.MembershipChecks.test_fit_calibration_input_gates_and_coefficients) ... ok
test_g_l_all_and_common_input_ids (__main__.MembershipChecks.test_g_l_all_and_common_input_ids) ... ok
test_mt_mtl_common_channels_unchanged (__main__.MembershipChecks.test_mt_mtl_common_channels_unchanged) ... ok
test_own_model_missing_bin_changes_numerator_only (__main__.MembershipChecks.test_own_model_missing_bin_changes_numerator_only) ... ok
test_scaler_without_own_model_remains_neighbor (__main__.MembershipChecks.test_scaler_without_own_model_remains_neighbor) ... ok
test_service_permutation_equivariance (__main__.MembershipChecks.test_service_permutation_equivariance) ... ok
test_singleton_scaler_and_empty_membership (__main__.MembershipChecks.test_singleton_scaler_and_empty_membership) ... ok
test_fit_rejects_future_suffix_and_preserves_frozen_parameters (__main__.NumericalForecastChecks.test_fit_rejects_future_suffix_and_preserves_frozen_parameters) ... ok
test_incremental_state_copy_replay_equivalence (__main__.NumericalForecastChecks.test_incremental_state_copy_replay_equivalence) ... ok
test_mean_mse_ridge_and_unpenalized_intercept (__main__.NumericalForecastChecks.test_mean_mse_ridge_and_unpenalized_intercept) ... ok
test_missing_own_target_and_lag_recovery (__main__.NumericalForecastChecks.test_missing_own_target_and_lag_recovery) ... ok
test_no_models_is_unavailable_not_zero (__main__.NumericalForecastChecks.test_no_models_is_unavailable_not_zero) ... ok
test_numeric_failure_does_not_shrink_mask_or_advance (__main__.NumericalForecastChecks.test_numeric_failure_does_not_shrink_mask_or_advance) ... ok
test_perfect_forecast_constant_residual_scale_and_spike (__main__.NumericalForecastChecks.test_perfect_forecast_constant_residual_scale_and_spike) ... ok
test_registered_prefix_sensitivities (__main__.NumericalForecastChecks.test_registered_prefix_sensitivities) ... ok
test_spatial_energy_common_mode_and_isolate (__main__.NumericalForecastChecks.test_spatial_energy_common_mode_and_isolate) ... ok

----------------------------------------------------------------------
Ran 23 tests in 0.272s

OK
