RCD chunks 1/270 ('re2tt_ts-auth-service_cpu_1', 420, 5) COMPLETE
RCD chunks 2/270 ('re2tt_ts-auth-service_cpu_1', 421, 5) COMPLETE
RCD chunks 3/270 ('re2tt_ts-auth-service_cpu_1', 421, 3) COMPLETE
RCD chunks 4/270 ('re2tt_ts-auth-service_cpu_1', 420, 3) COMPLETE
RCD chunks 5/270 ('re2tt_ts-auth-service_cpu_1', 422, 3) COMPLETE
RCD chunks 6/270 ('re2tt_ts-auth-service_cpu_1', 422, 5) COMPLETE
RCD chunks 7/270 ('re2tt_ts-auth-service_cpu_1', 420, 7) COMPLETE
RCD chunks 8/270 ('re2tt_ts-auth-service_cpu_2', 421, 5) COMPLETE
RCD chunks 9/270 ('re2tt_ts-auth-service_cpu_1', 422, 7) COMPLETE
RCD chunks 10/270 ('re2tt_ts-auth-service_cpu_1', 421, 7) COMPLETE
RCD chunks 11/270 ('re2tt_ts-auth-service_cpu_2', 420, 5) COMPLETE
RCD chunks 12/270 ('re2tt_ts-auth-service_cpu_2', 422, 5) COMPLETE
RCD chunks 13/270 ('re2tt_ts-auth-service_cpu_2', 420, 3) COMPLETE
RCD chunks 14/270 ('re2tt_ts-auth-service_cpu_2', 422, 3) COMPLETE
RCD chunks 15/270 ('re2tt_ts-auth-service_cpu_2', 420, 7) COMPLETE
RCD chunks 16/270 ('re2tt_ts-auth-service_cpu_2', 421, 3) COMPLETE
RCD chunks 17/270 ('re2tt_ts-auth-service_cpu_2', 421, 7) COMPLETE
RCD chunks 18/270 ('re2tt_ts-auth-service_cpu_3', 421, 5) COMPLETE
RCD chunks 19/270 ('re2tt_ts-auth-service_cpu_3', 420, 5) COMPLETE
RCD chunks 20/270 ('re2tt_ts-auth-service_cpu_3', 421, 3) COMPLETE
RCD chunks 21/270 ('re2tt_ts-auth-service_cpu_2', 422, 7) COMPLETE
RCD chunks 22/270 ('re2tt_ts-auth-service_cpu_3', 422, 5) COMPLETE
RCD chunks 23/270 ('re2tt_ts-auth-service_cpu_3', 420, 3) COMPLETE
RCD chunks 24/270 ('re2tt_ts-auth-service_cpu_3', 422, 3) COMPLETE
RCD chunks 25/270 ('re2tt_ts-auth-service_cpu_3', 422, 7) COMPLETE
RCD chunks 26/270 ('re2tt_ts-auth-service_cpu_3', 420, 7) COMPLETE
RCD chunks 27/270 ('re2tt_ts-auth-service_delay_1', 420, 5) COMPLETE
RCD chunks 28/270 ('re2tt_ts-auth-service_cpu_3', 421, 7) COMPLETE
RCD chunks 29/270 ('re2tt_ts-auth-service_delay_1', 421, 5) COMPLETE
RCD chunks 30/270 ('re2tt_ts-auth-service_delay_1', 421, 3) COMPLETE
RCD chunks 31/270 ('re2tt_ts-auth-service_delay_1', 422, 5) COMPLETE
RCD chunks 32/270 ('re2tt_ts-auth-service_delay_1', 422, 3) COMPLETE
RCD chunks 33/270 ('re2tt_ts-auth-service_delay_1', 420, 3) COMPLETE
RCD chunks 34/270 ('re2tt_ts-auth-service_delay_1', 421, 7) COMPLETE
RCD chunks 35/270 ('re2tt_ts-auth-service_delay_1', 420, 7) COMPLETE
RCD chunks 36/270 ('re2tt_ts-auth-service_delay_2', 421, 5) COMPLETE
RCD chunks 37/270 ('re2tt_ts-auth-service_delay_2', 420, 5) COMPLETE
RCD chunks 38/270 ('re2tt_ts-auth-service_delay_2', 420, 3) COMPLETE
RCD chunks 39/270 ('re2tt_ts-auth-service_delay_1', 422, 7) COMPLETE
RCD chunks 40/270 ('re2tt_ts-auth-service_delay_2', 422, 5) COMPLETE
RCD chunks 41/270 ('re2tt_ts-auth-service_delay_2', 421, 3) COMPLETE
RCD chunks 42/270 ('re2tt_ts-auth-service_delay_2', 422, 3) COMPLETE
RCD chunks 43/270 ('re2tt_ts-auth-service_delay_2', 420, 7) COMPLETE
RCD chunks 44/270 ('re2tt_ts-auth-service_delay_2', 422, 7) COMPLETE
RCD chunks 45/270 ('re2tt_ts-auth-service_delay_2', 421, 7) COMPLETE
RCD chunks 46/270 ('re2tt_ts-auth-service_delay_3', 420, 5) COMPLETE
RCD chunks 47/270 ('re2tt_ts-auth-service_delay_3', 422, 5) COMPLETE
RCD chunks 48/270 ('re2tt_ts-auth-service_delay_3', 421, 5) COMPLETE
RCD chunks 49/270 ('re2tt_ts-auth-service_delay_3', 422, 3) COMPLETE
RCD chunks 50/270 ('re2tt_ts-auth-service_delay_3', 421, 3) COMPLETE
RCD chunks 51/270 ('re2tt_ts-auth-service_delay_3', 420, 3) COMPLETE
RCD chunks 52/270 ('re2tt_ts-auth-service_delay_3', 421, 7) COMPLETE
RCD chunks 53/270 ('re2tt_ts-auth-service_delay_3', 420, 7) COMPLETE
RCD chunks 54/270 ('re2tt_ts-auth-service_delay_3', 422, 7) COMPLETE
RCD chunks 55/270 ('re2tt_ts-order-service_disk_1', 421, 5) COMPLETE
RCD chunks 56/270 ('re2tt_ts-order-service_disk_1', 420, 5) COMPLETE
RCD chunks 57/270 ('re2tt_ts-order-service_disk_1', 422, 5) COMPLETE
RCD chunks 58/270 ('re2tt_ts-order-service_disk_1', 420, 3) COMPLETE
RCD chunks 59/270 ('re2tt_ts-order-service_disk_1', 421, 3) COMPLETE
RCD chunks 60/270 ('re2tt_ts-order-service_disk_2', 421, 5) COMPLETE
RCD chunks 61/270 ('re2tt_ts-order-service_disk_1', 420, 7) COMPLETE
RCD chunks 62/270 ('re2tt_ts-order-service_disk_1', 422, 3) COMPLETE
RCD chunks 63/270 ('re2tt_ts-order-service_disk_2', 420, 5) COMPLETE
RCD chunks 64/270 ('re2tt_ts-order-service_disk_1', 422, 7) COMPLETE
RCD chunks 65/270 ('re2tt_ts-order-service_disk_2', 422, 5) COMPLETE
RCD chunks 66/270 ('re2tt_ts-order-service_disk_1', 421, 7) COMPLETE
RCD chunks 67/270 ('re2tt_ts-order-service_disk_2', 420, 3) COMPLETE
RCD chunks 68/270 ('re2tt_ts-order-service_disk_2', 422, 3) COMPLETE
RCD chunks 69/270 ('re2tt_ts-order-service_disk_2', 421, 3) COMPLETE
RCD chunks 70/270 ('re2tt_ts-order-service_disk_2', 421, 7) COMPLETE
RCD chunks 71/270 ('re2tt_ts-order-service_disk_3', 421, 5) COMPLETE
RCD chunks 72/270 ('re2tt_ts-order-service_disk_2', 422, 7) COMPLETE
RCD chunks 73/270 ('re2tt_ts-order-service_disk_3', 420, 5) COMPLETE
RCD chunks 74/270 ('re2tt_ts-order-service_disk_2', 420, 7) COMPLETE
RCD chunks 75/270 ('re2tt_ts-order-service_disk_3', 422, 5) COMPLETE
RCD chunks 76/270 ('re2tt_ts-order-service_disk_3', 420, 3) COMPLETE
RCD chunks 77/270 ('re2tt_ts-order-service_disk_3', 422, 3) COMPLETE
RCD chunks 78/270 ('re2tt_ts-order-service_disk_3', 421, 3) COMPLETE
RCD chunks 79/270 ('re2tt_ts-order-service_disk_3', 421, 7) COMPLETE
RCD chunks 80/270 ('re2tt_ts-order-service_disk_3', 420, 7) COMPLETE
RCD chunks 81/270 ('re2tt_ts-order-service_disk_3', 422, 7) COMPLETE
RCD chunks 82/270 ('re2tt_ts-order-service_loss_1', 420, 5) COMPLETE
RCD chunks 83/270 ('re2tt_ts-order-service_loss_1', 420, 3) COMPLETE
RCD chunks 84/270 ('re2tt_ts-order-service_loss_1', 421, 3) COMPLETE
RCD chunks 85/270 ('re2tt_ts-order-service_loss_1', 421, 5) COMPLETE
RCD chunks 86/270 ('re2tt_ts-order-service_loss_1', 422, 5) COMPLETE
RCD chunks 87/270 ('re2tt_ts-order-service_loss_1', 422, 3) COMPLETE
RCD chunks 88/270 ('re2tt_ts-order-service_loss_1', 421, 7) COMPLETE
RCD chunks 89/270 ('re2tt_ts-order-service_loss_1', 420, 7) COMPLETE
RCD chunks 90/270 ('re2tt_ts-order-service_loss_1', 422, 7) COMPLETE
RCD chunks 91/270 ('re2tt_ts-order-service_loss_2', 421, 5) COMPLETE
RCD chunks 92/270 ('re2tt_ts-order-service_loss_2', 422, 5) COMPLETE
RCD chunks 93/270 ('re2tt_ts-order-service_loss_2', 420, 5) COMPLETE
RCD chunks 94/270 ('re2tt_ts-order-service_loss_2', 421, 3) COMPLETE
RCD chunks 95/270 ('re2tt_ts-order-service_loss_2', 422, 3) COMPLETE
RCD chunks 96/270 ('re2tt_ts-order-service_loss_2', 420, 3) COMPLETE
RCD chunks 97/270 ('re2tt_ts-order-service_loss_2', 421, 7) COMPLETE
RCD chunks 98/270 ('re2tt_ts-order-service_loss_2', 420, 7) COMPLETE
RCD chunks 99/270 ('re2tt_ts-order-service_loss_2', 422, 7) COMPLETE
RCD chunks 100/270 ('re2tt_ts-order-service_loss_3', 420, 3) COMPLETE
RCD chunks 101/270 ('re2tt_ts-order-service_loss_3', 422, 5) COMPLETE
RCD chunks 102/270 ('re2tt_ts-order-service_loss_3', 421, 5) COMPLETE
RCD chunks 103/270 ('re2tt_ts-order-service_loss_3', 420, 5) COMPLETE
RCD chunks 104/270 ('re2tt_ts-order-service_loss_3', 421, 3) COMPLETE
RCD chunks 105/270 ('re2tt_ts-order-service_loss_3', 422, 3) COMPLETE
RCD chunks 106/270 ('re2tt_ts-order-service_loss_3', 420, 7) COMPLETE
RCD chunks 107/270 ('re2tt_ts-order-service_loss_3', 421, 7) COMPLETE
RCD chunks 108/270 ('re2tt_ts-route-service_mem_1', 420, 5) COMPLETE
RCD chunks 109/270 ('re2tt_ts-route-service_mem_1', 421, 5) COMPLETE
RCD chunks 110/270 ('re2tt_ts-order-service_loss_3', 422, 7) COMPLETE
RCD chunks 111/270 ('re2tt_ts-route-service_mem_1', 422, 5) COMPLETE
RCD chunks 112/270 ('re2tt_ts-route-service_mem_1', 420, 3) COMPLETE
RCD chunks 113/270 ('re2tt_ts-route-service_mem_1', 421, 3) COMPLETE
RCD chunks 114/270 ('re2tt_ts-route-service_mem_1', 422, 3) COMPLETE
RCD chunks 115/270 ('re2tt_ts-route-service_mem_1', 420, 7) COMPLETE
RCD chunks 116/270 ('re2tt_ts-route-service_mem_1', 421, 7) COMPLETE
RCD chunks 117/270 ('re2tt_ts-route-service_mem_2', 421, 5) COMPLETE
RCD chunks 118/270 ('re2tt_ts-route-service_mem_1', 422, 7) COMPLETE
RCD chunks 119/270 ('re2tt_ts-route-service_mem_2', 420, 5) COMPLETE
RCD chunks 120/270 ('re2tt_ts-route-service_mem_2', 420, 3) COMPLETE
RCD chunks 121/270 ('re2tt_ts-route-service_mem_2', 421, 3) COMPLETE
RCD chunks 122/270 ('re2tt_ts-route-service_mem_2', 422, 3) COMPLETE
RCD chunks 123/270 ('re2tt_ts-route-service_mem_2', 422, 5) COMPLETE
RCD chunks 124/270 ('re2tt_ts-route-service_mem_2', 420, 7) COMPLETE
RCD chunks 125/270 ('re2tt_ts-route-service_mem_2', 421, 7) COMPLETE
RCD chunks 126/270 ('re2tt_ts-route-service_mem_2', 422, 7) COMPLETE
RCD chunks 127/270 ('re2tt_ts-route-service_mem_3', 422, 5) COMPLETE
RCD chunks 128/270 ('re2tt_ts-route-service_mem_3', 420, 5) COMPLETE
RCD chunks 129/270 ('re2tt_ts-route-service_mem_3', 421, 5) COMPLETE
RCD chunks 130/270 ('re2tt_ts-route-service_mem_3', 420, 3) COMPLETE
RCD chunks 131/270 ('re2tt_ts-route-service_mem_3', 421, 3) COMPLETE
RCD chunks 132/270 ('re2tt_ts-route-service_mem_3', 422, 3) COMPLETE
RCD chunks 133/270 ('re2tt_ts-route-service_mem_3', 420, 7) COMPLETE
RCD chunks 134/270 ('re2tt_ts-route-service_mem_3', 421, 7) COMPLETE
RCD chunks 135/270 ('re2tt_ts-route-service_mem_3', 422, 7) COMPLETE
RCD chunks 136/270 ('re2tt_ts-route-service_socket_1', 420, 5) COMPLETE
RCD chunks 137/270 ('re2tt_ts-route-service_socket_1', 421, 5) COMPLETE
RCD chunks 138/270 ('re2tt_ts-route-service_socket_1', 422, 5) COMPLETE
RCD chunks 139/270 ('re2tt_ts-route-service_socket_1', 421, 3) COMPLETE
RCD chunks 140/270 ('re2tt_ts-route-service_socket_1', 420, 3) COMPLETE
RCD chunks 141/270 ('re2tt_ts-route-service_socket_1', 421, 7) COMPLETE
RCD chunks 142/270 ('re2tt_ts-route-service_socket_1', 422, 3) COMPLETE
RCD chunks 143/270 ('re2tt_ts-route-service_socket_1', 420, 7) COMPLETE
RCD chunks 144/270 ('re2tt_ts-route-service_socket_2', 420, 5) COMPLETE
RCD chunks 145/270 ('re2tt_ts-route-service_socket_2', 421, 5) COMPLETE
RCD chunks 146/270 ('re2tt_ts-route-service_socket_1', 422, 7) COMPLETE
RCD chunks 147/270 ('re2tt_ts-route-service_socket_2', 422, 5) COMPLETE
RCD chunks 148/270 ('re2tt_ts-route-service_socket_2', 420, 3) COMPLETE
RCD chunks 149/270 ('re2tt_ts-route-service_socket_2', 421, 3) COMPLETE
RCD chunks 150/270 ('re2tt_ts-route-service_socket_2', 422, 3) COMPLETE
RCD chunks 151/270 ('re2tt_ts-route-service_socket_2', 421, 7) COMPLETE
RCD chunks 152/270 ('re2tt_ts-route-service_socket_2', 420, 7) COMPLETE
RCD chunks 153/270 ('re2tt_ts-route-service_socket_2', 422, 7) COMPLETE
RCD chunks 154/270 ('re2tt_ts-route-service_socket_3', 421, 5) COMPLETE
RCD chunks 155/270 ('re2tt_ts-route-service_socket_3', 420, 5) COMPLETE
RCD chunks 156/270 ('re2tt_ts-route-service_socket_3', 422, 5) COMPLETE
RCD chunks 157/270 ('re2tt_ts-route-service_socket_3', 420, 3) COMPLETE
RCD chunks 158/270 ('re2tt_ts-route-service_socket_3', 421, 3) COMPLETE
RCD chunks 159/270 ('re2tt_ts-route-service_socket_3', 422, 3) COMPLETE
RCD chunks 160/270 ('re2tt_ts-route-service_socket_3', 420, 7) COMPLETE
RCD chunks 161/270 ('re2tt_ts-route-service_socket_3', 421, 7) COMPLETE
RCD chunks 162/270 ('re2tt_ts-route-service_socket_3', 422, 7) COMPLETE
RCD chunks 163/270 ('re2tt_ts-train-service_cpu_1', 420, 5) COMPLETE
RCD chunks 164/270 ('re2tt_ts-train-service_cpu_1', 420, 7) COMPLETE
RCD chunks 165/270 ('re2tt_ts-train-service_cpu_1', 421, 7) COMPLETE
RCD chunks 166/270 ('re2tt_ts-train-service_cpu_1', 422, 7) COMPLETE
RCD chunks 167/270 ('re2tt_ts-train-service_cpu_2', 420, 5) COMPLETE
RCD chunks 168/270 ('re2tt_ts-train-service_cpu_2', 421, 5) COMPLETE
RCD chunks 169/270 ('re2tt_ts-train-service_cpu_2', 422, 5) COMPLETE
RCD chunks 170/270 ('re2tt_ts-train-service_cpu_2', 420, 3) COMPLETE
RCD chunks 171/270 ('re2tt_ts-train-service_cpu_2', 421, 3) COMPLETE
RCD chunks 172/270 ('re2tt_ts-train-service_cpu_2', 422, 3) COMPLETE
RCD chunks 173/270 ('re2tt_ts-train-service_cpu_2', 420, 7) COMPLETE
RCD chunks 174/270 ('re2tt_ts-train-service_cpu_2', 421, 7) COMPLETE
RCD chunks 175/270 ('re2tt_ts-train-service_cpu_2', 422, 7) COMPLETE
RCD chunks 176/270 ('re2tt_ts-train-service_cpu_3', 420, 5) COMPLETE
RCD chunks 177/270 ('re2tt_ts-train-service_cpu_3', 421, 5) COMPLETE
RCD chunks 178/270 ('re2tt_ts-train-service_cpu_3', 422, 5) COMPLETE
RCD chunks 179/270 ('re2tt_ts-train-service_cpu_3', 420, 3) COMPLETE
RCD chunks 180/270 ('re2tt_ts-train-service_cpu_3', 421, 3) COMPLETE
RCD chunks 181/270 ('re2tt_ts-train-service_cpu_3', 422, 3) COMPLETE
RCD chunks 182/270 ('re2tt_ts-train-service_cpu_3', 420, 7) COMPLETE
RCD chunks 183/270 ('re2tt_ts-train-service_cpu_3', 421, 7) COMPLETE
RCD chunks 184/270 ('re2tt_ts-train-service_cpu_3', 422, 7) COMPLETE
RCD chunks 185/270 ('re2tt_ts-train-service_delay_1', 420, 5) COMPLETE
RCD chunks 186/270 ('re2tt_ts-train-service_delay_1', 421, 5) COMPLETE
RCD chunks 187/270 ('re2tt_ts-train-service_delay_1', 422, 5) COMPLETE
RCD chunks 188/270 ('re2tt_ts-train-service_delay_1', 420, 3) COMPLETE
RCD chunks 189/270 ('re2tt_ts-train-service_delay_1', 421, 3) COMPLETE
RCD chunks 190/270 ('re2tt_ts-train-service_delay_1', 422, 3) COMPLETE
RCD chunks 191/270 ('re2tt_ts-train-service_delay_1', 420, 7) COMPLETE
RCD chunks 192/270 ('re2tt_ts-train-service_delay_1', 421, 7) COMPLETE
RCD chunks 193/270 ('re2tt_ts-train-service_delay_1', 422, 7) COMPLETE
RCD chunks 194/270 ('re2tt_ts-train-service_delay_2', 420, 5) COMPLETE
RCD chunks 195/270 ('re2tt_ts-train-service_delay_2', 421, 5) COMPLETE
RCD chunks 196/270 ('re2tt_ts-train-service_delay_2', 422, 5) COMPLETE
RCD chunks 197/270 ('re2tt_ts-train-service_delay_2', 420, 3) COMPLETE
RCD chunks 198/270 ('re2tt_ts-train-service_delay_2', 421, 3) COMPLETE
RCD chunks 199/270 ('re2tt_ts-train-service_delay_2', 422, 3) COMPLETE
RCD chunks 200/270 ('re2tt_ts-train-service_delay_2', 420, 7) COMPLETE
RCD chunks 201/270 ('re2tt_ts-train-service_delay_2', 421, 7) COMPLETE
RCD chunks 202/270 ('re2tt_ts-train-service_delay_2', 422, 7) COMPLETE
RCD chunks 203/270 ('re2tt_ts-train-service_delay_3', 420, 5) COMPLETE
RCD chunks 204/270 ('re2tt_ts-train-service_delay_3', 421, 5) COMPLETE
RCD chunks 205/270 ('re2tt_ts-train-service_delay_3', 422, 5) COMPLETE
RCD chunks 206/270 ('re2tt_ts-train-service_delay_3', 420, 3) COMPLETE
RCD chunks 207/270 ('re2tt_ts-train-service_delay_3', 421, 3) COMPLETE
RCD chunks 208/270 ('re2tt_ts-train-service_delay_3', 422, 3) COMPLETE
RCD chunks 209/270 ('re2tt_ts-train-service_delay_3', 420, 7) COMPLETE
RCD chunks 210/270 ('re2tt_ts-train-service_delay_3', 421, 7) COMPLETE
RCD chunks 211/270 ('re2tt_ts-train-service_delay_3', 422, 7) COMPLETE
RCD chunks 212/270 ('re2tt_ts-travel-service_disk_1', 420, 5) COMPLETE
RCD chunks 213/270 ('re2tt_ts-travel-service_disk_1', 421, 5) COMPLETE
RCD chunks 214/270 ('re2tt_ts-travel-service_disk_1', 422, 5) COMPLETE
RCD chunks 215/270 ('re2tt_ts-travel-service_disk_1', 420, 3) COMPLETE
RCD chunks 216/270 ('re2tt_ts-travel-service_disk_1', 421, 3) COMPLETE
RCD chunks 217/270 ('re2tt_ts-travel-service_disk_1', 422, 3) COMPLETE
RCD chunks 218/270 ('re2tt_ts-travel-service_disk_1', 420, 7) COMPLETE
RCD chunks 219/270 ('re2tt_ts-travel-service_disk_1', 421, 7) COMPLETE
RCD chunks 220/270 ('re2tt_ts-travel-service_disk_1', 422, 7) COMPLETE
RCD chunks 221/270 ('re2tt_ts-travel-service_disk_2', 420, 5) COMPLETE
RCD chunks 222/270 ('re2tt_ts-travel-service_disk_2', 421, 5) COMPLETE
RCD chunks 223/270 ('re2tt_ts-travel-service_disk_2', 422, 5) COMPLETE
RCD chunks 224/270 ('re2tt_ts-travel-service_disk_2', 420, 3) COMPLETE
RCD chunks 225/270 ('re2tt_ts-travel-service_disk_2', 421, 3) COMPLETE
RCD chunks 226/270 ('re2tt_ts-travel-service_disk_2', 422, 3) COMPLETE
RCD chunks 227/270 ('re2tt_ts-travel-service_disk_2', 420, 7) COMPLETE
RCD chunks 228/270 ('re2tt_ts-travel-service_disk_2', 421, 7) COMPLETE
RCD chunks 229/270 ('re2tt_ts-travel-service_disk_2', 422, 7) COMPLETE
RCD chunks 230/270 ('re2tt_ts-travel-service_disk_3', 420, 5) COMPLETE
RCD chunks 231/270 ('re2tt_ts-travel-service_disk_3', 421, 5) COMPLETE
RCD chunks 232/270 ('re2tt_ts-travel-service_disk_3', 422, 5) COMPLETE
RCD chunks 233/270 ('re2tt_ts-travel-service_disk_3', 420, 3) COMPLETE
RCD chunks 234/270 ('re2tt_ts-travel-service_disk_3', 421, 3) COMPLETE
RCD chunks 235/270 ('re2tt_ts-travel-service_disk_3', 422, 3) COMPLETE
RCD chunks 236/270 ('re2tt_ts-travel-service_disk_3', 420, 7) COMPLETE
RCD chunks 237/270 ('re2tt_ts-travel-service_disk_3', 421, 7) COMPLETE
RCD chunks 238/270 ('re2tt_ts-travel-service_disk_3', 422, 7) COMPLETE
RCD chunks 239/270 ('re2tt_ts-travel-service_loss_1', 420, 5) COMPLETE
RCD chunks 240/270 ('re2tt_ts-travel-service_loss_1', 421, 5) COMPLETE
RCD chunks 241/270 ('re2tt_ts-travel-service_loss_1', 422, 5) COMPLETE
RCD chunks 242/270 ('re2tt_ts-travel-service_loss_1', 420, 3) COMPLETE
RCD chunks 243/270 ('re2tt_ts-travel-service_loss_1', 421, 3) COMPLETE
RCD chunks 244/270 ('re2tt_ts-travel-service_loss_1', 422, 3) COMPLETE
RCD chunks 245/270 ('re2tt_ts-travel-service_loss_1', 420, 7) COMPLETE
RCD chunks 246/270 ('re2tt_ts-travel-service_loss_1', 421, 7) COMPLETE
RCD chunks 247/270 ('re2tt_ts-travel-service_loss_1', 422, 7) COMPLETE
RCD chunks 248/270 ('re2tt_ts-travel-service_loss_2', 420, 5) COMPLETE
RCD chunks 249/270 ('re2tt_ts-travel-service_loss_2', 421, 5) COMPLETE
RCD chunks 250/270 ('re2tt_ts-travel-service_loss_2', 422, 5) COMPLETE
RCD chunks 251/270 ('re2tt_ts-travel-service_loss_2', 420, 3) COMPLETE
RCD chunks 252/270 ('re2tt_ts-travel-service_loss_2', 421, 3) COMPLETE
RCD chunks 253/270 ('re2tt_ts-travel-service_loss_2', 422, 3) COMPLETE
RCD chunks 254/270 ('re2tt_ts-travel-service_loss_2', 420, 7) COMPLETE
RCD chunks 255/270 ('re2tt_ts-travel-service_loss_2', 421, 7) COMPLETE
RCD chunks 256/270 ('re2tt_ts-travel-service_loss_2', 422, 7) COMPLETE
RCD chunks 257/270 ('re2tt_ts-travel-service_loss_3', 420, 5) COMPLETE
RCD chunks 258/270 ('re2tt_ts-travel-service_loss_3', 421, 5) COMPLETE
RCD chunks 259/270 ('re2tt_ts-travel-service_loss_3', 422, 5) COMPLETE
RCD chunks 260/270 ('re2tt_ts-travel-service_loss_3', 420, 3) COMPLETE
RCD chunks 261/270 ('re2tt_ts-travel-service_loss_3', 421, 3) COMPLETE
RCD chunks 262/270 ('re2tt_ts-travel-service_loss_3', 422, 3) COMPLETE
RCD chunks 263/270 ('re2tt_ts-travel-service_loss_3', 420, 7) COMPLETE
RCD chunks 264/270 ('re2tt_ts-travel-service_loss_3', 421, 7) COMPLETE
RCD chunks 265/270 ('re2tt_ts-travel-service_loss_3', 422, 7) COMPLETE
RCD chunks 266/270 ('re2tt_ts-train-service_cpu_1', 422, 5) COMPLETE
RCD chunks 267/270 ('re2tt_ts-train-service_cpu_1', 421, 5) COMPLETE
RCD chunks 268/270 ('re2tt_ts-train-service_cpu_1', 422, 3) COMPLETE
RCD chunks 269/270 ('re2tt_ts-train-service_cpu_1', 420, 3) COMPLETE
RCD chunks 270/270 ('re2tt_ts-train-service_cpu_1', 421, 3) COMPLETE
