C1 full 1/30 96538c0c0d6a11d8 0.14s
C1 full 2/30 63f914383963739b 0.11s
C1 full 3/30 45e43770afa33cef 0.11s
C1 full 4/30 87443a2d6d14434c 0.12s
C1 full 5/30 24851f5149e4321a 0.11s
C1 full 6/30 549b2f655fc55fd1 0.13s
C1 full 7/30 4bdb62f38b122bbc 0.11s
C1 full 8/30 b0a2dcc878eeefa3 0.11s
C1 full 9/30 9b847bd8f23c07af 0.16s
C1 full 10/30 cea480a087995c2a 0.12s
C1 full 11/30 f900792c9a1f5622 0.11s
C1 full 12/30 9d1464b4fb8a49c0 0.11s
C1 full 13/30 58e365eed32084b4 0.12s
C1 full 14/30 15fa2ad3a7eecebd 0.11s
C1 full 15/30 c60cff817fc2d5cf 0.11s
C1 full 16/30 0f1447a5823d8a23 0.11s
C1 full 17/30 5bf54b9f116a5fa1 0.12s
C1 full 18/30 47f193d58b233d8a 0.12s
C1 full 19/30 f13a01ab09a3962b 0.11s
C1 full 20/30 b4f7da80e26ff729 0.11s
C1 full 21/30 8fe6a000483edc0e 0.11s
C1 full 22/30 8534e6237bee1618 0.10s
C1 full 23/30 84c4c18e60502036 0.12s
C1 full 24/30 0868b9b567cd44c8 0.11s
C1 full 25/30 27afdc4e5ac07b32 0.12s
C1 full 26/30 757b880ecadc87f4 0.10s
C1 full 27/30 3b90d794c8506cef 0.10s
C1 full 28/30 dd8536efed49ca5a 0.11s
C1 full 29/30 b493b6b9e7b01687 0.10s
C1 full 30/30 7138fe1fe1ddf617 0.11s
C1 full 1/30 96538c0c0d6a11d8 0.08s
C1 full 2/30 63f914383963739b 0.11s
C1 full 3/30 45e43770afa33cef 0.10s
C1 full 4/30 87443a2d6d14434c 0.11s
C1 full 5/30 24851f5149e4321a 0.11s
C1 full 6/30 549b2f655fc55fd1 0.11s
C1 full 7/30 4bdb62f38b122bbc 0.10s
C1 full 8/30 b0a2dcc878eeefa3 0.11s
C1 full 9/30 9b847bd8f23c07af 0.10s
C1 full 10/30 cea480a087995c2a 0.11s
C1 full 11/30 f900792c9a1f5622 0.11s
C1 full 12/30 9d1464b4fb8a49c0 0.10s
C1 full 13/30 58e365eed32084b4 0.10s
C1 full 14/30 15fa2ad3a7eecebd 0.12s
C1 full 15/30 c60cff817fc2d5cf 0.10s
C1 full 16/30 0f1447a5823d8a23 0.10s
C1 full 17/30 5bf54b9f116a5fa1 0.10s
C1 full 18/30 47f193d58b233d8a 0.10s
C1 full 19/30 f13a01ab09a3962b 0.10s
C1 full 20/30 b4f7da80e26ff729 0.10s
C1 full 21/30 8fe6a000483edc0e 0.10s
C1 full 22/30 8534e6237bee1618 0.12s
C1 full 23/30 84c4c18e60502036 0.10s
C1 full 24/30 0868b9b567cd44c8 0.12s
C1 full 25/30 27afdc4e5ac07b32 0.12s
C1 full 26/30 757b880ecadc87f4 0.12s
C1 full 27/30 3b90d794c8506cef 0.14s
C1 full 28/30 dd8536efed49ca5a 0.12s
C1 full 29/30 b493b6b9e7b01687 0.15s
C1 full 30/30 7138fe1fe1ddf617 0.18s
C1 controls 96538c0c0d6a11d8
C1 controls 63f914383963739b
C1 controls 45e43770afa33cef
C1 controls 87443a2d6d14434c
C1 controls 24851f5149e4321a
C1 controls 549b2f655fc55fd1
C1 controls 4bdb62f38b122bbc
C1 controls b0a2dcc878eeefa3
C1 controls 9b847bd8f23c07af
C1 controls cea480a087995c2a
C1 controls f900792c9a1f5622
C1 controls 9d1464b4fb8a49c0
C1 controls 58e365eed32084b4
C1 controls 15fa2ad3a7eecebd
C1 controls c60cff817fc2d5cf
C1 controls 0f1447a5823d8a23
C1 controls 5bf54b9f116a5fa1
C1 controls 47f193d58b233d8a
C1 controls f13a01ab09a3962b
C1 controls b4f7da80e26ff729
C1 controls 8fe6a000483edc0e
C1 controls 8534e6237bee1618
C1 controls 84c4c18e60502036
C1 controls 0868b9b567cd44c8
C1 controls 27afdc4e5ac07b32
C1 controls 757b880ecadc87f4
C1 controls 3b90d794c8506cef
C1 controls dd8536efed49ca5a
C1 controls b493b6b9e7b01687
C1 controls 7138fe1fe1ddf617
C1 full 1/30 96538c0c0d6a11d8 0.20s
C1 full 2/30 63f914383963739b 0.19s
C1 full 3/30 45e43770afa33cef 0.21s
C1 full 4/30 87443a2d6d14434c 0.20s
C1 full 5/30 24851f5149e4321a 0.20s
C1 full 6/30 549b2f655fc55fd1 0.20s
C1 full 7/30 4bdb62f38b122bbc 0.19s
C1 full 8/30 b0a2dcc878eeefa3 0.20s
C1 full 9/30 9b847bd8f23c07af 0.24s
C1 full 10/30 cea480a087995c2a 0.22s
C1 full 11/30 f900792c9a1f5622 0.20s
C1 full 12/30 9d1464b4fb8a49c0 0.21s
C1 full 13/30 58e365eed32084b4 0.20s
C1 full 14/30 15fa2ad3a7eecebd 0.20s
C1 full 15/30 c60cff817fc2d5cf 0.19s
C1 full 16/30 0f1447a5823d8a23 0.21s
C1 full 17/30 5bf54b9f116a5fa1 0.19s
C1 full 18/30 47f193d58b233d8a 0.20s
C1 full 19/30 f13a01ab09a3962b 0.20s
C1 full 20/30 b4f7da80e26ff729 0.24s
C1 full 21/30 8fe6a000483edc0e 0.23s
C1 full 22/30 8534e6237bee1618 0.21s
C1 full 23/30 84c4c18e60502036 0.20s
C1 full 24/30 0868b9b567cd44c8 0.22s
C1 full 25/30 27afdc4e5ac07b32 0.21s
C1 full 26/30 757b880ecadc87f4 0.22s
C1 full 27/30 3b90d794c8506cef 0.19s
C1 full 28/30 dd8536efed49ca5a 0.19s
C1 full 29/30 b493b6b9e7b01687 0.21s
C1 full 30/30 7138fe1fe1ddf617 0.19s
C1 controls 96538c0c0d6a11d8
C1 controls 63f914383963739b
C1 controls 45e43770afa33cef
C1 controls 87443a2d6d14434c
C1 controls 24851f5149e4321a
C1 controls 549b2f655fc55fd1
C1 controls 4bdb62f38b122bbc
C1 controls b0a2dcc878eeefa3
C1 controls 9b847bd8f23c07af
C1 controls cea480a087995c2a
C1 controls f900792c9a1f5622
C1 controls 9d1464b4fb8a49c0
C1 controls 58e365eed32084b4
C1 controls 15fa2ad3a7eecebd
C1 controls c60cff817fc2d5cf
C1 controls 0f1447a5823d8a23
C1 controls 5bf54b9f116a5fa1
C1 controls 47f193d58b233d8a
C1 controls f13a01ab09a3962b
C1 controls b4f7da80e26ff729
C1 controls 8fe6a000483edc0e
C1 controls 8534e6237bee1618
C1 controls 84c4c18e60502036
C1 controls 0868b9b567cd44c8
C1 controls 27afdc4e5ac07b32
C1 controls 757b880ecadc87f4
C1 controls 3b90d794c8506cef
C1 controls dd8536efed49ca5a
C1 controls b493b6b9e7b01687
C1 controls 7138fe1fe1ddf617
C1 full 1/30 96538c0c0d6a11d8 0.11s
C1 full 2/30 63f914383963739b 0.09s
C1 full 3/30 45e43770afa33cef 0.09s
C1 full 4/30 87443a2d6d14434c 0.09s
C1 full 5/30 24851f5149e4321a 0.09s
C1 full 6/30 549b2f655fc55fd1 0.10s
C1 full 7/30 4bdb62f38b122bbc 0.09s
C1 full 8/30 b0a2dcc878eeefa3 0.09s
C1 full 9/30 9b847bd8f23c07af 0.09s
C1 full 10/30 cea480a087995c2a 0.10s
C1 full 11/30 f900792c9a1f5622 0.09s
C1 full 12/30 9d1464b4fb8a49c0 0.10s
C1 full 13/30 58e365eed32084b4 0.10s
C1 full 14/30 15fa2ad3a7eecebd 0.09s
C1 full 15/30 c60cff817fc2d5cf 0.09s
C1 full 16/30 0f1447a5823d8a23 0.11s
C1 full 17/30 5bf54b9f116a5fa1 0.09s
C1 full 18/30 47f193d58b233d8a 0.10s
C1 full 19/30 f13a01ab09a3962b 0.09s
C1 full 20/30 b4f7da80e26ff729 0.09s
C1 full 21/30 8fe6a000483edc0e 0.09s
C1 full 22/30 8534e6237bee1618 0.09s
C1 full 23/30 84c4c18e60502036 0.09s
C1 full 24/30 0868b9b567cd44c8 0.09s
C1 full 25/30 27afdc4e5ac07b32 0.09s
C1 full 26/30 757b880ecadc87f4 0.09s
C1 full 27/30 3b90d794c8506cef 0.09s
C1 full 28/30 dd8536efed49ca5a 0.09s
C1 full 29/30 b493b6b9e7b01687 0.09s
C1 full 30/30 7138fe1fe1ddf617 0.09s
C1 controls 96538c0c0d6a11d8
C1 controls 63f914383963739b
C1 controls 45e43770afa33cef
C1 controls 87443a2d6d14434c
C1 controls 24851f5149e4321a
C1 controls 549b2f655fc55fd1
C1 controls 4bdb62f38b122bbc
C1 controls b0a2dcc878eeefa3
C1 controls 9b847bd8f23c07af
C1 controls cea480a087995c2a
C1 controls f900792c9a1f5622
C1 controls 9d1464b4fb8a49c0
C1 controls 58e365eed32084b4
C1 controls 15fa2ad3a7eecebd
C1 controls c60cff817fc2d5cf
C1 controls 0f1447a5823d8a23
C1 controls 5bf54b9f116a5fa1
C1 controls 47f193d58b233d8a
C1 controls f13a01ab09a3962b
C1 controls b4f7da80e26ff729
C1 controls 8fe6a000483edc0e
C1 controls 8534e6237bee1618
C1 controls 84c4c18e60502036
C1 controls 0868b9b567cd44c8
C1 controls 27afdc4e5ac07b32
C1 controls 757b880ecadc87f4
C1 controls 3b90d794c8506cef
C1 controls dd8536efed49ca5a
C1 controls b493b6b9e7b01687
C1 controls 7138fe1fe1ddf617
C1 full 2/30 63f914383963739b 0.09s
C1 full 3/30 45e43770afa33cef 0.09s
C1 full 4/30 87443a2d6d14434c 0.09s
C1 full 5/30 24851f5149e4321a 0.09s
C1 full 6/30 549b2f655fc55fd1 0.09s
C1 full 7/30 4bdb62f38b122bbc 0.10s
C1 full 8/30 b0a2dcc878eeefa3 0.09s
C1 full 9/30 9b847bd8f23c07af 0.10s
C1 full 10/30 cea480a087995c2a 0.10s
C1 full 11/30 f900792c9a1f5622 0.09s
C1 full 12/30 9d1464b4fb8a49c0 0.10s
C1 full 13/30 58e365eed32084b4 0.10s
C1 full 14/30 15fa2ad3a7eecebd 0.09s
C1 full 15/30 c60cff817fc2d5cf 0.09s
C1 full 16/30 0f1447a5823d8a23 0.10s
C1 full 17/30 5bf54b9f116a5fa1 0.10s
C1 full 18/30 47f193d58b233d8a 0.10s
C1 full 19/30 f13a01ab09a3962b 0.09s
C1 full 20/30 b4f7da80e26ff729 0.09s
C1 full 21/30 8fe6a000483edc0e 0.09s
C1 full 22/30 8534e6237bee1618 0.09s
C1 full 23/30 84c4c18e60502036 0.09s
C1 full 24/30 0868b9b567cd44c8 0.10s
C1 full 25/30 27afdc4e5ac07b32 0.10s
C1 full 26/30 757b880ecadc87f4 0.10s
C1 full 27/30 3b90d794c8506cef 0.10s
C1 full 28/30 dd8536efed49ca5a 0.10s
C1 full 29/30 b493b6b9e7b01687 0.09s
C1 full 30/30 7138fe1fe1ddf617 0.09s
C1 controls 63f914383963739b
C1 controls 45e43770afa33cef
C1 controls 87443a2d6d14434c
C1 controls 24851f5149e4321a
C1 controls 549b2f655fc55fd1
C1 controls 4bdb62f38b122bbc
C1 controls b0a2dcc878eeefa3
C1 controls 9b847bd8f23c07af
C1 controls cea480a087995c2a
C1 controls f900792c9a1f5622
C1 controls 9d1464b4fb8a49c0
C1 controls 58e365eed32084b4
C1 controls 15fa2ad3a7eecebd
C1 controls c60cff817fc2d5cf
C1 controls 0f1447a5823d8a23
C1 controls 5bf54b9f116a5fa1
C1 controls 47f193d58b233d8a
C1 controls f13a01ab09a3962b
C1 controls b4f7da80e26ff729
C1 controls 8fe6a000483edc0e
C1 controls 8534e6237bee1618
C1 controls 84c4c18e60502036
C1 controls 0868b9b567cd44c8
C1 controls 27afdc4e5ac07b32
C1 controls 757b880ecadc87f4
C1 controls 3b90d794c8506cef
C1 controls dd8536efed49ca5a
C1 controls b493b6b9e7b01687
C1 controls 7138fe1fe1ddf617
C1 smoke 1/10 45e43770afa33cef 0.09s
C1 smoke 2/10 24851f5149e4321a 0.09s
C1 smoke 3/10 4bdb62f38b122bbc 0.09s
C1 smoke 4/10 9d1464b4fb8a49c0 0.09s
C1 smoke 5/10 15fa2ad3a7eecebd 0.10s
C1 smoke 6/10 0f1447a5823d8a23 0.10s
C1 smoke 7/10 8fe6a000483edc0e 0.09s
C1 smoke 8/10 0868b9b567cd44c8 0.09s
C1 smoke 9/10 27afdc4e5ac07b32 0.09s
C1 smoke 10/10 7138fe1fe1ddf617 0.09s
C1 sensitivity bin5
C1 sensitivity bin20
C1 sensitivity horizon180
C1 sensitivity horizon420
C1 sensitivity floor-0.0001
C1 sensitivity floor-0.001
C1 sensitivity temporal-max
C1 sensitivity old-cap20
C1 sensitivity old-fixed-fusion
