D:\Project\flash-ticket-rca-research\environments\task-e\rcd39\lib\site-packages\sklearn\preprocessing\_discretization.py:268: ConvergenceWarning: Number of distinct clusters (3) found smaller than n_clusters (7). Possibly due to duplicate points in X.
  centers = km.fit(column[:, None]).cluster_centers_[:, 0]
D:\Project\flash-ticket-rca-research\environments\task-e\rcd39\lib\site-packages\sklearn\preprocessing\_discretization.py:279: UserWarning: Bins whose width are too small (i.e., <= 1e-8) in feature 4 are removed. Consider decreasing the number of bins.
  warnings.warn(
D:\Project\flash-ticket-rca-research\environments\task-e\rcd39\lib\site-packages\sklearn\preprocessing\_discretization.py:268: ConvergenceWarning: Number of distinct clusters (6) found smaller than n_clusters (7). Possibly due to duplicate points in X.
  centers = km.fit(column[:, None]).cluster_centers_[:, 0]
D:\Project\flash-ticket-rca-research\environments\task-e\rcd39\lib\site-packages\sklearn\preprocessing\_discretization.py:268: ConvergenceWarning: Number of distinct clusters (3) found smaller than n_clusters (7). Possibly due to duplicate points in X.
  centers = km.fit(column[:, None]).cluster_centers_[:, 0]
D:\Project\flash-ticket-rca-research\environments\task-e\rcd39\lib\site-packages\sklearn\preprocessing\_discretization.py:279: UserWarning: Bins whose width are too small (i.e., <= 1e-8) in feature 0 are removed. Consider decreasing the number of bins.
  warnings.warn(
D:\Project\flash-ticket-rca-research\environments\task-e\rcd39\lib\site-packages\sklearn\preprocessing\_discretization.py:268: ConvergenceWarning: Number of distinct clusters (6) found smaller than n_clusters (7). Possibly due to duplicate points in X.
  centers = km.fit(column[:, None]).cluster_centers_[:, 0]
D:\Project\flash-ticket-rca-research\environments\task-e\rcd39\lib\site-packages\sklearn\preprocessing\_discretization.py:268: ConvergenceWarning: Number of distinct clusters (6) found smaller than n_clusters (7). Possibly due to duplicate points in X.
  centers = km.fit(column[:, None]).cluster_centers_[:, 0]
D:\Project\flash-ticket-rca-research\environments\task-e\rcd39\lib\site-packages\sklearn\preprocessing\_discretization.py:279: UserWarning: Bins whose width are too small (i.e., <= 1e-8) in feature 2 are removed. Consider decreasing the number of bins.
  warnings.warn(
D:\Project\flash-ticket-rca-research\environments\task-e\rcd39\lib\site-packages\sklearn\preprocessing\_discretization.py:268: ConvergenceWarning: Number of distinct clusters (4) found smaller than n_clusters (7). Possibly due to duplicate points in X.
  centers = km.fit(column[:, None]).cluster_centers_[:, 0]
D:\Project\flash-ticket-rca-research\environments\task-e\rcd39\lib\site-packages\sklearn\preprocessing\_discretization.py:279: UserWarning: Bins whose width are too small (i.e., <= 1e-8) in feature 3 are removed. Consider decreasing the number of bins.
  warnings.warn(
D:\Project\flash-ticket-rca-research\environments\task-e\rcd39\lib\site-packages\sklearn\preprocessing\_discretization.py:268: ConvergenceWarning: Number of distinct clusters (4) found smaller than n_clusters (7). Possibly due to duplicate points in X.
  centers = km.fit(column[:, None]).cluster_centers_[:, 0]
D:\Project\flash-ticket-rca-research\environments\task-e\rcd39\lib\site-packages\sklearn\preprocessing\_discretization.py:279: UserWarning: Bins whose width are too small (i.e., <= 1e-8) in feature 1 are removed. Consider decreasing the number of bins.
  warnings.warn(
D:\Project\flash-ticket-rca-research\environments\task-e\rcd39\lib\site-packages\sklearn\preprocessing\_discretization.py:268: ConvergenceWarning: Number of distinct clusters (5) found smaller than n_clusters (7). Possibly due to duplicate points in X.
  centers = km.fit(column[:, None]).cluster_centers_[:, 0]
D:\Project\flash-ticket-rca-research\environments\task-e\rcd39\lib\site-packages\sklearn\preprocessing\_discretization.py:279: UserWarning: Bins whose width are too small (i.e., <= 1e-8) in feature 0 are removed. Consider decreasing the number of bins.
  warnings.warn(
D:\Project\flash-ticket-rca-research\environments\task-e\rcd39\lib\site-packages\sklearn\preprocessing\_discretization.py:268: ConvergenceWarning: Number of distinct clusters (5) found smaller than n_clusters (7). Possibly due to duplicate points in X.
  centers = km.fit(column[:, None]).cluster_centers_[:, 0]
D:\Project\flash-ticket-rca-research\environments\task-e\rcd39\lib\site-packages\sklearn\preprocessing\_discretization.py:279: UserWarning: Bins whose width are too small (i.e., <= 1e-8) in feature 3 are removed. Consider decreasing the number of bins.
  warnings.warn(
D:\Project\flash-ticket-rca-research\environments\task-e\rcd39\lib\site-packages\sklearn\preprocessing\_discretization.py:268: ConvergenceWarning: Number of distinct clusters (4) found smaller than n_clusters (7). Possibly due to duplicate points in X.
  centers = km.fit(column[:, None]).cluster_centers_[:, 0]
D:\Project\flash-ticket-rca-research\environments\task-e\rcd39\lib\site-packages\sklearn\preprocessing\_discretization.py:279: UserWarning: Bins whose width are too small (i.e., <= 1e-8) in feature 4 are removed. Consider decreasing the number of bins.
  warnings.warn(
D:\Project\flash-ticket-rca-research\environments\task-e\rcd39\lib\site-packages\sklearn\preprocessing\_discretization.py:268: ConvergenceWarning: Number of distinct clusters (4) found smaller than n_clusters (7). Possibly due to duplicate points in X.
  centers = km.fit(column[:, None]).cluster_centers_[:, 0]
D:\Project\flash-ticket-rca-research\environments\task-e\rcd39\lib\site-packages\sklearn\preprocessing\_discretization.py:279: UserWarning: Bins whose width are too small (i.e., <= 1e-8) in feature 0 are removed. Consider decreasing the number of bins.
  warnings.warn(
D:\Project\flash-ticket-rca-research\environments\task-e\rcd39\lib\site-packages\sklearn\preprocessing\_discretization.py:268: ConvergenceWarning: Number of distinct clusters (6) found smaller than n_clusters (7). Possibly due to duplicate points in X.
  centers = km.fit(column[:, None]).cluster_centers_[:, 0]
D:\Project\flash-ticket-rca-research\environments\task-e\rcd39\lib\site-packages\sklearn\preprocessing\_discretization.py:279: UserWarning: Bins whose width are too small (i.e., <= 1e-8) in feature 4 are removed. Consider decreasing the number of bins.
  warnings.warn(
D:\Project\flash-ticket-rca-research\environments\task-e\rcd39\lib\site-packages\sklearn\preprocessing\_discretization.py:268: ConvergenceWarning: Number of distinct clusters (4) found smaller than n_clusters (7). Possibly due to duplicate points in X.
  centers = km.fit(column[:, None]).cluster_centers_[:, 0]
D:\Project\flash-ticket-rca-research\environments\task-e\rcd39\lib\site-packages\sklearn\preprocessing\_discretization.py:279: UserWarning: Bins whose width are too small (i.e., <= 1e-8) in feature 2 are removed. Consider decreasing the number of bins.
  warnings.warn(
D:\Project\flash-ticket-rca-research\environments\task-e\rcd39\lib\site-packages\sklearn\preprocessing\_discretization.py:268: ConvergenceWarning: Number of distinct clusters (3) found smaller than n_clusters (7). Possibly due to duplicate points in X.
  centers = km.fit(column[:, None]).cluster_centers_[:, 0]
D:\Project\flash-ticket-rca-research\environments\task-e\rcd39\lib\site-packages\sklearn\preprocessing\_discretization.py:279: UserWarning: Bins whose width are too small (i.e., <= 1e-8) in feature 4 are removed. Consider decreasing the number of bins.
  warnings.warn(
D:\Project\flash-ticket-rca-research\environments\task-e\rcd39\lib\site-packages\sklearn\preprocessing\_discretization.py:268: ConvergenceWarning: Number of distinct clusters (4) found smaller than n_clusters (7). Possibly due to duplicate points in X.
  centers = km.fit(column[:, None]).cluster_centers_[:, 0]
D:\Project\flash-ticket-rca-research\environments\task-e\rcd39\lib\site-packages\sklearn\preprocessing\_discretization.py:279: UserWarning: Bins whose width are too small (i.e., <= 1e-8) in feature 4 are removed. Consider decreasing the number of bins.
  warnings.warn(
D:\Project\flash-ticket-rca-research\environments\task-e\rcd39\lib\site-packages\sklearn\preprocessing\_discretization.py:268: ConvergenceWarning: Number of distinct clusters (6) found smaller than n_clusters (7). Possibly due to duplicate points in X.
  centers = km.fit(column[:, None]).cluster_centers_[:, 0]
D:\Project\flash-ticket-rca-research\environments\task-e\rcd39\lib\site-packages\sklearn\preprocessing\_discretization.py:268: ConvergenceWarning: Number of distinct clusters (6) found smaller than n_clusters (7). Possibly due to duplicate points in X.
  centers = km.fit(column[:, None]).cluster_centers_[:, 0]
D:\Project\flash-ticket-rca-research\environments\task-e\rcd39\lib\site-packages\sklearn\preprocessing\_discretization.py:279: UserWarning: Bins whose width are too small (i.e., <= 1e-8) in feature 3 are removed. Consider decreasing the number of bins.
  warnings.warn(
D:\Project\flash-ticket-rca-research\environments\task-e\rcd39\lib\site-packages\sklearn\preprocessing\_discretization.py:268: ConvergenceWarning: Number of distinct clusters (6) found smaller than n_clusters (7). Possibly due to duplicate points in X.
  centers = km.fit(column[:, None]).cluster_centers_[:, 0]
D:\Project\flash-ticket-rca-research\environments\task-e\rcd39\lib\site-packages\sklearn\preprocessing\_discretization.py:268: ConvergenceWarning: Number of distinct clusters (6) found smaller than n_clusters (7). Possibly due to duplicate points in X.
  centers = km.fit(column[:, None]).cluster_centers_[:, 0]
D:\Project\flash-ticket-rca-research\environments\task-e\rcd39\lib\site-packages\sklearn\preprocessing\_discretization.py:279: UserWarning: Bins whose width are too small (i.e., <= 1e-8) in feature 4 are removed. Consider decreasing the number of bins.
  warnings.warn(
D:\Project\flash-ticket-rca-research\environments\task-e\rcd39\lib\site-packages\sklearn\preprocessing\_discretization.py:268: ConvergenceWarning: Number of distinct clusters (4) found smaller than n_clusters (7). Possibly due to duplicate points in X.
  centers = km.fit(column[:, None]).cluster_centers_[:, 0]
D:\Project\flash-ticket-rca-research\environments\task-e\rcd39\lib\site-packages\sklearn\preprocessing\_discretization.py:279: UserWarning: Bins whose width are too small (i.e., <= 1e-8) in feature 4 are removed. Consider decreasing the number of bins.
  warnings.warn(
D:\Project\flash-ticket-rca-research\environments\task-e\rcd39\lib\site-packages\sklearn\preprocessing\_discretization.py:268: ConvergenceWarning: Number of distinct clusters (3) found smaller than n_clusters (7). Possibly due to duplicate points in X.
  centers = km.fit(column[:, None]).cluster_centers_[:, 0]
D:\Project\flash-ticket-rca-research\environments\task-e\rcd39\lib\site-packages\sklearn\preprocessing\_discretization.py:279: UserWarning: Bins whose width are too small (i.e., <= 1e-8) in feature 4 are removed. Consider decreasing the number of bins.
  warnings.warn(
D:\Project\flash-ticket-rca-research\environments\task-e\rcd39\lib\site-packages\sklearn\preprocessing\_discretization.py:268: ConvergenceWarning: Number of distinct clusters (6) found smaller than n_clusters (7). Possibly due to duplicate points in X.
  centers = km.fit(column[:, None]).cluster_centers_[:, 0]
D:\Project\flash-ticket-rca-research\environments\task-e\rcd39\lib\site-packages\sklearn\preprocessing\_discretization.py:268: ConvergenceWarning: Number of distinct clusters (6) found smaller than n_clusters (7). Possibly due to duplicate points in X.
  centers = km.fit(column[:, None]).cluster_centers_[:, 0]
D:\Project\flash-ticket-rca-research\environments\task-e\rcd39\lib\site-packages\sklearn\preprocessing\_discretization.py:279: UserWarning: Bins whose width are too small (i.e., <= 1e-8) in feature 3 are removed. Consider decreasing the number of bins.
  warnings.warn(
D:\Project\flash-ticket-rca-research\environments\task-e\rcd39\lib\site-packages\sklearn\preprocessing\_discretization.py:268: ConvergenceWarning: Number of distinct clusters (6) found smaller than n_clusters (7). Possibly due to duplicate points in X.
  centers = km.fit(column[:, None]).cluster_centers_[:, 0]
D:\Project\flash-ticket-rca-research\environments\task-e\rcd39\lib\site-packages\sklearn\preprocessing\_discretization.py:268: ConvergenceWarning: Number of distinct clusters (4) found smaller than n_clusters (7). Possibly due to duplicate points in X.
  centers = km.fit(column[:, None]).cluster_centers_[:, 0]
D:\Project\flash-ticket-rca-research\environments\task-e\rcd39\lib\site-packages\sklearn\preprocessing\_discretization.py:279: UserWarning: Bins whose width are too small (i.e., <= 1e-8) in feature 2 are removed. Consider decreasing the number of bins.
  warnings.warn(
D:\Project\flash-ticket-rca-research\environments\task-e\rcd39\lib\site-packages\sklearn\preprocessing\_discretization.py:268: ConvergenceWarning: Number of distinct clusters (3) found smaller than n_clusters (7). Possibly due to duplicate points in X.
  centers = km.fit(column[:, None]).cluster_centers_[:, 0]
D:\Project\flash-ticket-rca-research\environments\task-e\rcd39\lib\site-packages\sklearn\preprocessing\_discretization.py:279: UserWarning: Bins whose width are too small (i.e., <= 1e-8) in feature 1 are removed. Consider decreasing the number of bins.
  warnings.warn(
D:\Project\flash-ticket-rca-research\environments\task-e\rcd39\lib\site-packages\sklearn\preprocessing\_discretization.py:268: ConvergenceWarning: Number of distinct clusters (4) found smaller than n_clusters (7). Possibly due to duplicate points in X.
  centers = km.fit(column[:, None]).cluster_centers_[:, 0]
D:\Project\flash-ticket-rca-research\environments\task-e\rcd39\lib\site-packages\sklearn\preprocessing\_discretization.py:279: UserWarning: Bins whose width are too small (i.e., <= 1e-8) in feature 4 are removed. Consider decreasing the number of bins.
  warnings.warn(
D:\Project\flash-ticket-rca-research\environments\task-e\rcd39\lib\site-packages\sklearn\preprocessing\_discretization.py:268: ConvergenceWarning: Number of distinct clusters (4) found smaller than n_clusters (7). Possibly due to duplicate points in X.
  centers = km.fit(column[:, None]).cluster_centers_[:, 0]
D:\Project\flash-ticket-rca-research\environments\task-e\rcd39\lib\site-packages\sklearn\preprocessing\_discretization.py:279: UserWarning: Bins whose width are too small (i.e., <= 1e-8) in feature 1 are removed. Consider decreasing the number of bins.
  warnings.warn(
D:\Project\flash-ticket-rca-research\environments\task-e\rcd39\lib\site-packages\sklearn\preprocessing\_discretization.py:268: ConvergenceWarning: Number of distinct clusters (6) found smaller than n_clusters (7). Possibly due to duplicate points in X.
  centers = km.fit(column[:, None]).cluster_centers_[:, 0]
D:\Project\flash-ticket-rca-research\environments\task-e\rcd39\lib\site-packages\sklearn\preprocessing\_discretization.py:279: UserWarning: Bins whose width are too small (i.e., <= 1e-8) in feature 2 are removed. Consider decreasing the number of bins.
  warnings.warn(
D:\Project\flash-ticket-rca-research\environments\task-e\rcd39\lib\site-packages\sklearn\preprocessing\_discretization.py:268: ConvergenceWarning: Number of distinct clusters (5) found smaller than n_clusters (7). Possibly due to duplicate points in X.
  centers = km.fit(column[:, None]).cluster_centers_[:, 0]
D:\Project\flash-ticket-rca-research\environments\task-e\rcd39\lib\site-packages\sklearn\preprocessing\_discretization.py:279: UserWarning: Bins whose width are too small (i.e., <= 1e-8) in feature 1 are removed. Consider decreasing the number of bins.
  warnings.warn(
D:\Project\flash-ticket-rca-research\environments\task-e\rcd39\lib\site-packages\sklearn\preprocessing\_discretization.py:268: ConvergenceWarning: Number of distinct clusters (4) found smaller than n_clusters (7). Possibly due to duplicate points in X.
  centers = km.fit(column[:, None]).cluster_centers_[:, 0]
D:\Project\flash-ticket-rca-research\environments\task-e\rcd39\lib\site-packages\sklearn\preprocessing\_discretization.py:279: UserWarning: Bins whose width are too small (i.e., <= 1e-8) in feature 1 are removed. Consider decreasing the number of bins.
  warnings.warn(
D:\Project\flash-ticket-rca-research\environments\task-e\rcd39\lib\site-packages\sklearn\preprocessing\_discretization.py:268: ConvergenceWarning: Number of distinct clusters (6) found smaller than n_clusters (7). Possibly due to duplicate points in X.
  centers = km.fit(column[:, None]).cluster_centers_[:, 0]
D:\Project\flash-ticket-rca-research\environments\task-e\rcd39\lib\site-packages\sklearn\preprocessing\_discretization.py:279: UserWarning: Bins whose width are too small (i.e., <= 1e-8) in feature 2 are removed. Consider decreasing the number of bins.
  warnings.warn(
D:\Project\flash-ticket-rca-research\environments\task-e\rcd39\lib\site-packages\sklearn\preprocessing\_discretization.py:268: ConvergenceWarning: Number of distinct clusters (4) found smaller than n_clusters (7). Possibly due to duplicate points in X.
  centers = km.fit(column[:, None]).cluster_centers_[:, 0]
D:\Project\flash-ticket-rca-research\environments\task-e\rcd39\lib\site-packages\sklearn\preprocessing\_discretization.py:279: UserWarning: Bins whose width are too small (i.e., <= 1e-8) in feature 1 are removed. Consider decreasing the number of bins.
  warnings.warn(
D:\Project\flash-ticket-rca-research\environments\task-e\rcd39\lib\site-packages\sklearn\preprocessing\_discretization.py:268: ConvergenceWarning: Number of distinct clusters (3) found smaller than n_clusters (7). Possibly due to duplicate points in X.
  centers = km.fit(column[:, None]).cluster_centers_[:, 0]
D:\Project\flash-ticket-rca-research\environments\task-e\rcd39\lib\site-packages\sklearn\preprocessing\_discretization.py:279: UserWarning: Bins whose width are too small (i.e., <= 1e-8) in feature 1 are removed. Consider decreasing the number of bins.
  warnings.warn(
D:\Project\flash-ticket-rca-research\environments\task-e\rcd39\lib\site-packages\sklearn\preprocessing\_discretization.py:268: ConvergenceWarning: Number of distinct clusters (6) found smaller than n_clusters (7). Possibly due to duplicate points in X.
  centers = km.fit(column[:, None]).cluster_centers_[:, 0]
D:\Project\flash-ticket-rca-research\environments\task-e\rcd39\lib\site-packages\sklearn\preprocessing\_discretization.py:268: ConvergenceWarning: Number of distinct clusters (5) found smaller than n_clusters (7). Possibly due to duplicate points in X.
  centers = km.fit(column[:, None]).cluster_centers_[:, 0]
D:\Project\flash-ticket-rca-research\environments\task-e\rcd39\lib\site-packages\sklearn\preprocessing\_discretization.py:279: UserWarning: Bins whose width are too small (i.e., <= 1e-8) in feature 4 are removed. Consider decreasing the number of bins.
  warnings.warn(
D:\Project\flash-ticket-rca-research\environments\task-e\rcd39\lib\site-packages\sklearn\preprocessing\_discretization.py:268: ConvergenceWarning: Number of distinct clusters (4) found smaller than n_clusters (7). Possibly due to duplicate points in X.
  centers = km.fit(column[:, None]).cluster_centers_[:, 0]
D:\Project\flash-ticket-rca-research\environments\task-e\rcd39\lib\site-packages\sklearn\preprocessing\_discretization.py:279: UserWarning: Bins whose width are too small (i.e., <= 1e-8) in feature 1 are removed. Consider decreasing the number of bins.
  warnings.warn(
D:\Project\flash-ticket-rca-research\environments\task-e\rcd39\lib\site-packages\sklearn\preprocessing\_discretization.py:268: ConvergenceWarning: Number of distinct clusters (4) found smaller than n_clusters (7). Possibly due to duplicate points in X.
  centers = km.fit(column[:, None]).cluster_centers_[:, 0]
D:\Project\flash-ticket-rca-research\environments\task-e\rcd39\lib\site-packages\sklearn\preprocessing\_discretization.py:279: UserWarning: Bins whose width are too small (i.e., <= 1e-8) in feature 4 are removed. Consider decreasing the number of bins.
  warnings.warn(
D:\Project\flash-ticket-rca-research\environments\task-e\rcd39\lib\site-packages\sklearn\preprocessing\_discretization.py:268: ConvergenceWarning: Number of distinct clusters (6) found smaller than n_clusters (7). Possibly due to duplicate points in X.
  centers = km.fit(column[:, None]).cluster_centers_[:, 0]
D:\Project\flash-ticket-rca-research\environments\task-e\rcd39\lib\site-packages\sklearn\preprocessing\_discretization.py:279: UserWarning: Bins whose width are too small (i.e., <= 1e-8) in feature 4 are removed. Consider decreasing the number of bins.
  warnings.warn(
D:\Project\flash-ticket-rca-research\environments\task-e\rcd39\lib\site-packages\sklearn\preprocessing\_discretization.py:268: ConvergenceWarning: Number of distinct clusters (6) found smaller than n_clusters (7). Possibly due to duplicate points in X.
  centers = km.fit(column[:, None]).cluster_centers_[:, 0]
D:\Project\flash-ticket-rca-research\environments\task-e\rcd39\lib\site-packages\sklearn\preprocessing\_discretization.py:279: UserWarning: Bins whose width are too small (i.e., <= 1e-8) in feature 3 are removed. Consider decreasing the number of bins.
  warnings.warn(
D:\Project\flash-ticket-rca-research\environments\task-e\rcd39\lib\site-packages\sklearn\preprocessing\_discretization.py:268: ConvergenceWarning: Number of distinct clusters (4) found smaller than n_clusters (7). Possibly due to duplicate points in X.
  centers = km.fit(column[:, None]).cluster_centers_[:, 0]
D:\Project\flash-ticket-rca-research\environments\task-e\rcd39\lib\site-packages\sklearn\preprocessing\_discretization.py:279: UserWarning: Bins whose width are too small (i.e., <= 1e-8) in feature 4 are removed. Consider decreasing the number of bins.
  warnings.warn(
D:\Project\flash-ticket-rca-research\environments\task-e\rcd39\lib\site-packages\sklearn\preprocessing\_discretization.py:268: ConvergenceWarning: Number of distinct clusters (6) found smaller than n_clusters (7). Possibly due to duplicate points in X.
  centers = km.fit(column[:, None]).cluster_centers_[:, 0]
D:\Project\flash-ticket-rca-research\environments\task-e\rcd39\lib\site-packages\sklearn\preprocessing\_discretization.py:268: ConvergenceWarning: Number of distinct clusters (4) found smaller than n_clusters (7). Possibly due to duplicate points in X.
  centers = km.fit(column[:, None]).cluster_centers_[:, 0]
D:\Project\flash-ticket-rca-research\environments\task-e\rcd39\lib\site-packages\sklearn\preprocessing\_discretization.py:279: UserWarning: Bins whose width are too small (i.e., <= 1e-8) in feature 2 are removed. Consider decreasing the number of bins.
  warnings.warn(
D:\Project\flash-ticket-rca-research\environments\task-e\rcd39\lib\site-packages\sklearn\preprocessing\_discretization.py:268: ConvergenceWarning: Number of distinct clusters (4) found smaller than n_clusters (7). Possibly due to duplicate points in X.
  centers = km.fit(column[:, None]).cluster_centers_[:, 0]
D:\Project\flash-ticket-rca-research\environments\task-e\rcd39\lib\site-packages\sklearn\preprocessing\_discretization.py:279: UserWarning: Bins whose width are too small (i.e., <= 1e-8) in feature 0 are removed. Consider decreasing the number of bins.
  warnings.warn(
D:\Project\flash-ticket-rca-research\environments\task-e\rcd39\lib\site-packages\sklearn\preprocessing\_discretization.py:268: ConvergenceWarning: Number of distinct clusters (6) found smaller than n_clusters (7). Possibly due to duplicate points in X.
  centers = km.fit(column[:, None]).cluster_centers_[:, 0]
D:\Project\flash-ticket-rca-research\environments\task-e\rcd39\lib\site-packages\sklearn\preprocessing\_discretization.py:268: ConvergenceWarning: Number of distinct clusters (3) found smaller than n_clusters (7). Possibly due to duplicate points in X.
  centers = km.fit(column[:, None]).cluster_centers_[:, 0]
D:\Project\flash-ticket-rca-research\environments\task-e\rcd39\lib\site-packages\sklearn\preprocessing\_discretization.py:279: UserWarning: Bins whose width are too small (i.e., <= 1e-8) in feature 4 are removed. Consider decreasing the number of bins.
  warnings.warn(
D:\Project\flash-ticket-rca-research\environments\task-e\rcd39\lib\site-packages\sklearn\preprocessing\_discretization.py:268: ConvergenceWarning: Number of distinct clusters (4) found smaller than n_clusters (7). Possibly due to duplicate points in X.
  centers = km.fit(column[:, None]).cluster_centers_[:, 0]
D:\Project\flash-ticket-rca-research\environments\task-e\rcd39\lib\site-packages\sklearn\preprocessing\_discretization.py:279: UserWarning: Bins whose width are too small (i.e., <= 1e-8) in feature 0 are removed. Consider decreasing the number of bins.
  warnings.warn(
D:\Project\flash-ticket-rca-research\environments\task-e\rcd39\lib\site-packages\sklearn\preprocessing\_discretization.py:268: ConvergenceWarning: Number of distinct clusters (6) found smaller than n_clusters (7). Possibly due to duplicate points in X.
  centers = km.fit(column[:, None]).cluster_centers_[:, 0]
D:\Project\flash-ticket-rca-research\environments\task-e\rcd39\lib\site-packages\sklearn\preprocessing\_discretization.py:279: UserWarning: Bins whose width are too small (i.e., <= 1e-8) in feature 3 are removed. Consider decreasing the number of bins.
  warnings.warn(
D:\Project\flash-ticket-rca-research\environments\task-e\rcd39\lib\site-packages\sklearn\preprocessing\_discretization.py:268: ConvergenceWarning: Number of distinct clusters (4) found smaller than n_clusters (7). Possibly due to duplicate points in X.
  centers = km.fit(column[:, None]).cluster_centers_[:, 0]
D:\Project\flash-ticket-rca-research\environments\task-e\rcd39\lib\site-packages\sklearn\preprocessing\_discretization.py:279: UserWarning: Bins whose width are too small (i.e., <= 1e-8) in feature 2 are removed. Consider decreasing the number of bins.
  warnings.warn(
D:\Project\flash-ticket-rca-research\environments\task-e\rcd39\lib\site-packages\sklearn\preprocessing\_discretization.py:268: ConvergenceWarning: Number of distinct clusters (6) found smaller than n_clusters (7). Possibly due to duplicate points in X.
  centers = km.fit(column[:, None]).cluster_centers_[:, 0]
D:\Project\flash-ticket-rca-research\environments\task-e\rcd39\lib\site-packages\sklearn\preprocessing\_discretization.py:268: ConvergenceWarning: Number of distinct clusters (6) found smaller than n_clusters (7). Possibly due to duplicate points in X.
  centers = km.fit(column[:, None]).cluster_centers_[:, 0]
D:\Project\flash-ticket-rca-research\environments\task-e\rcd39\lib\site-packages\sklearn\preprocessing\_discretization.py:279: UserWarning: Bins whose width are too small (i.e., <= 1e-8) in feature 2 are removed. Consider decreasing the number of bins.
  warnings.warn(
D:\Project\flash-ticket-rca-research\environments\task-e\rcd39\lib\site-packages\sklearn\preprocessing\_discretization.py:268: ConvergenceWarning: Number of distinct clusters (4) found smaller than n_clusters (7). Possibly due to duplicate points in X.
  centers = km.fit(column[:, None]).cluster_centers_[:, 0]
D:\Project\flash-ticket-rca-research\environments\task-e\rcd39\lib\site-packages\sklearn\preprocessing\_discretization.py:279: UserWarning: Bins whose width are too small (i.e., <= 1e-8) in feature 2 are removed. Consider decreasing the number of bins.
  warnings.warn(
D:\Project\flash-ticket-rca-research\environments\task-e\rcd39\lib\site-packages\sklearn\preprocessing\_discretization.py:268: ConvergenceWarning: Number of distinct clusters (6) found smaller than n_clusters (7). Possibly due to duplicate points in X.
  centers = km.fit(column[:, None]).cluster_centers_[:, 0]
D:\Project\flash-ticket-rca-research\environments\task-e\rcd39\lib\site-packages\sklearn\preprocessing\_discretization.py:279: UserWarning: Bins whose width are too small (i.e., <= 1e-8) in feature 3 are removed. Consider decreasing the number of bins.
  warnings.warn(
D:\Project\flash-ticket-rca-research\environments\task-e\rcd39\lib\site-packages\sklearn\preprocessing\_discretization.py:268: ConvergenceWarning: Number of distinct clusters (3) found smaller than n_clusters (7). Possibly due to duplicate points in X.
  centers = km.fit(column[:, None]).cluster_centers_[:, 0]
D:\Project\flash-ticket-rca-research\environments\task-e\rcd39\lib\site-packages\sklearn\preprocessing\_discretization.py:279: UserWarning: Bins whose width are too small (i.e., <= 1e-8) in feature 0 are removed. Consider decreasing the number of bins.
  warnings.warn(
D:\Project\flash-ticket-rca-research\environments\task-e\rcd39\lib\site-packages\sklearn\preprocessing\_discretization.py:268: ConvergenceWarning: Number of distinct clusters (6) found smaller than n_clusters (7). Possibly due to duplicate points in X.
  centers = km.fit(column[:, None]).cluster_centers_[:, 0]
D:\Project\flash-ticket-rca-research\environments\task-e\rcd39\lib\site-packages\sklearn\preprocessing\_discretization.py:268: ConvergenceWarning: Number of distinct clusters (6) found smaller than n_clusters (7). Possibly due to duplicate points in X.
  centers = km.fit(column[:, None]).cluster_centers_[:, 0]
D:\Project\flash-ticket-rca-research\environments\task-e\rcd39\lib\site-packages\sklearn\preprocessing\_discretization.py:279: UserWarning: Bins whose width are too small (i.e., <= 1e-8) in feature 3 are removed. Consider decreasing the number of bins.
  warnings.warn(
D:\Project\flash-ticket-rca-research\environments\task-e\rcd39\lib\site-packages\sklearn\preprocessing\_discretization.py:268: ConvergenceWarning: Number of distinct clusters (6) found smaller than n_clusters (7). Possibly due to duplicate points in X.
  centers = km.fit(column[:, None]).cluster_centers_[:, 0]
D:\Project\flash-ticket-rca-research\environments\task-e\rcd39\lib\site-packages\sklearn\preprocessing\_discretization.py:279: UserWarning: Bins whose width are too small (i.e., <= 1e-8) in feature 4 are removed. Consider decreasing the number of bins.
  warnings.warn(
D:\Project\flash-ticket-rca-research\environments\task-e\rcd39\lib\site-packages\sklearn\preprocessing\_discretization.py:268: ConvergenceWarning: Number of distinct clusters (4) found smaller than n_clusters (7). Possibly due to duplicate points in X.
  centers = km.fit(column[:, None]).cluster_centers_[:, 0]
D:\Project\flash-ticket-rca-research\environments\task-e\rcd39\lib\site-packages\sklearn\preprocessing\_discretization.py:279: UserWarning: Bins whose width are too small (i.e., <= 1e-8) in feature 3 are removed. Consider decreasing the number of bins.
  warnings.warn(
D:\Project\flash-ticket-rca-research\environments\task-e\rcd39\lib\site-packages\sklearn\preprocessing\_discretization.py:268: ConvergenceWarning: Number of distinct clusters (6) found smaller than n_clusters (7). Possibly due to duplicate points in X.
  centers = km.fit(column[:, None]).cluster_centers_[:, 0]
D:\Project\flash-ticket-rca-research\environments\task-e\rcd39\lib\site-packages\sklearn\preprocessing\_discretization.py:268: ConvergenceWarning: Number of distinct clusters (4) found smaller than n_clusters (7). Possibly due to duplicate points in X.
  centers = km.fit(column[:, None]).cluster_centers_[:, 0]
D:\Project\flash-ticket-rca-research\environments\task-e\rcd39\lib\site-packages\sklearn\preprocessing\_discretization.py:279: UserWarning: Bins whose width are too small (i.e., <= 1e-8) in feature 0 are removed. Consider decreasing the number of bins.
  warnings.warn(
D:\Project\flash-ticket-rca-research\environments\task-e\rcd39\lib\site-packages\sklearn\preprocessing\_discretization.py:268: ConvergenceWarning: Number of distinct clusters (6) found smaller than n_clusters (7). Possibly due to duplicate points in X.
  centers = km.fit(column[:, None]).cluster_centers_[:, 0]
D:\Project\flash-ticket-rca-research\environments\task-e\rcd39\lib\site-packages\sklearn\preprocessing\_discretization.py:279: UserWarning: Bins whose width are too small (i.e., <= 1e-8) in feature 1 are removed. Consider decreasing the number of bins.
  warnings.warn(
D:\Project\flash-ticket-rca-research\environments\task-e\rcd39\lib\site-packages\sklearn\preprocessing\_discretization.py:268: ConvergenceWarning: Number of distinct clusters (4) found smaller than n_clusters (7). Possibly due to duplicate points in X.
  centers = km.fit(column[:, None]).cluster_centers_[:, 0]
D:\Project\flash-ticket-rca-research\environments\task-e\rcd39\lib\site-packages\sklearn\preprocessing\_discretization.py:279: UserWarning: Bins whose width are too small (i.e., <= 1e-8) in feature 0 are removed. Consider decreasing the number of bins.
  warnings.warn(
D:\Project\flash-ticket-rca-research\environments\task-e\rcd39\lib\site-packages\sklearn\preprocessing\_discretization.py:268: ConvergenceWarning: Number of distinct clusters (4) found smaller than n_clusters (7). Possibly due to duplicate points in X.
  centers = km.fit(column[:, None]).cluster_centers_[:, 0]
D:\Project\flash-ticket-rca-research\environments\task-e\rcd39\lib\site-packages\sklearn\preprocessing\_discretization.py:279: UserWarning: Bins whose width are too small (i.e., <= 1e-8) in feature 0 are removed. Consider decreasing the number of bins.
  warnings.warn(
D:\Project\flash-ticket-rca-research\environments\task-e\rcd39\lib\site-packages\sklearn\preprocessing\_discretization.py:268: ConvergenceWarning: Number of distinct clusters (4) found smaller than n_clusters (7). Possibly due to duplicate points in X.
  centers = km.fit(column[:, None]).cluster_centers_[:, 0]
D:\Project\flash-ticket-rca-research\environments\task-e\rcd39\lib\site-packages\sklearn\preprocessing\_discretization.py:279: UserWarning: Bins whose width are too small (i.e., <= 1e-8) in feature 1 are removed. Consider decreasing the number of bins.
  warnings.warn(
D:\Project\flash-ticket-rca-research\environments\task-e\rcd39\lib\site-packages\sklearn\preprocessing\_discretization.py:268: ConvergenceWarning: Number of distinct clusters (6) found smaller than n_clusters (7). Possibly due to duplicate points in X.
  centers = km.fit(column[:, None]).cluster_centers_[:, 0]
D:\Project\flash-ticket-rca-research\environments\task-e\rcd39\lib\site-packages\sklearn\preprocessing\_discretization.py:279: UserWarning: Bins whose width are too small (i.e., <= 1e-8) in feature 3 are removed. Consider decreasing the number of bins.
  warnings.warn(
D:\Project\flash-ticket-rca-research\environments\task-e\rcd39\lib\site-packages\sklearn\preprocessing\_discretization.py:268: ConvergenceWarning: Number of distinct clusters (6) found smaller than n_clusters (7). Possibly due to duplicate points in X.
  centers = km.fit(column[:, None]).cluster_centers_[:, 0]
D:\Project\flash-ticket-rca-research\environments\task-e\rcd39\lib\site-packages\sklearn\preprocessing\_discretization.py:268: ConvergenceWarning: Number of distinct clusters (6) found smaller than n_clusters (7). Possibly due to duplicate points in X.
  centers = km.fit(column[:, None]).cluster_centers_[:, 0]
D:\Project\flash-ticket-rca-research\environments\task-e\rcd39\lib\site-packages\sklearn\preprocessing\_discretization.py:279: UserWarning: Bins whose width are too small (i.e., <= 1e-8) in feature 3 are removed. Consider decreasing the number of bins.
  warnings.warn(
D:\Project\flash-ticket-rca-research\environments\task-e\rcd39\lib\site-packages\sklearn\preprocessing\_discretization.py:268: ConvergenceWarning: Number of distinct clusters (6) found smaller than n_clusters (7). Possibly due to duplicate points in X.
  centers = km.fit(column[:, None]).cluster_centers_[:, 0]
D:\Project\flash-ticket-rca-research\environments\task-e\rcd39\lib\site-packages\sklearn\preprocessing\_discretization.py:268: ConvergenceWarning: Number of distinct clusters (3) found smaller than n_clusters (7). Possibly due to duplicate points in X.
  centers = km.fit(column[:, None]).cluster_centers_[:, 0]
D:\Project\flash-ticket-rca-research\environments\task-e\rcd39\lib\site-packages\sklearn\preprocessing\_discretization.py:279: UserWarning: Bins whose width are too small (i.e., <= 1e-8) in feature 0 are removed. Consider decreasing the number of bins.
  warnings.warn(
D:\Project\flash-ticket-rca-research\environments\task-e\rcd39\lib\site-packages\sklearn\preprocessing\_discretization.py:268: ConvergenceWarning: Number of distinct clusters (4) found smaller than n_clusters (7). Possibly due to duplicate points in X.
  centers = km.fit(column[:, None]).cluster_centers_[:, 0]
D:\Project\flash-ticket-rca-research\environments\task-e\rcd39\lib\site-packages\sklearn\preprocessing\_discretization.py:279: UserWarning: Bins whose width are too small (i.e., <= 1e-8) in feature 1 are removed. Consider decreasing the number of bins.
  warnings.warn(
D:\Project\flash-ticket-rca-research\environments\task-e\rcd39\lib\site-packages\sklearn\preprocessing\_discretization.py:268: ConvergenceWarning: Number of distinct clusters (6) found smaller than n_clusters (7). Possibly due to duplicate points in X.
  centers = km.fit(column[:, None]).cluster_centers_[:, 0]
D:\Project\flash-ticket-rca-research\environments\task-e\rcd39\lib\site-packages\sklearn\preprocessing\_discretization.py:279: UserWarning: Bins whose width are too small (i.e., <= 1e-8) in feature 1 are removed. Consider decreasing the number of bins.
  warnings.warn(
D:\Project\flash-ticket-rca-research\environments\task-e\rcd39\lib\site-packages\sklearn\preprocessing\_discretization.py:268: ConvergenceWarning: Number of distinct clusters (4) found smaller than n_clusters (7). Possibly due to duplicate points in X.
  centers = km.fit(column[:, None]).cluster_centers_[:, 0]
D:\Project\flash-ticket-rca-research\environments\task-e\rcd39\lib\site-packages\sklearn\preprocessing\_discretization.py:279: UserWarning: Bins whose width are too small (i.e., <= 1e-8) in feature 2 are removed. Consider decreasing the number of bins.
  warnings.warn(
D:\Project\flash-ticket-rca-research\environments\task-e\rcd39\lib\site-packages\sklearn\preprocessing\_discretization.py:268: ConvergenceWarning: Number of distinct clusters (4) found smaller than n_clusters (7). Possibly due to duplicate points in X.
  centers = km.fit(column[:, None]).cluster_centers_[:, 0]
D:\Project\flash-ticket-rca-research\environments\task-e\rcd39\lib\site-packages\sklearn\preprocessing\_discretization.py:279: UserWarning: Bins whose width are too small (i.e., <= 1e-8) in feature 3 are removed. Consider decreasing the number of bins.
  warnings.warn(
D:\Project\flash-ticket-rca-research\environments\task-e\rcd39\lib\site-packages\sklearn\preprocessing\_discretization.py:268: ConvergenceWarning: Number of distinct clusters (6) found smaller than n_clusters (7). Possibly due to duplicate points in X.
  centers = km.fit(column[:, None]).cluster_centers_[:, 0]
D:\Project\flash-ticket-rca-research\environments\task-e\rcd39\lib\site-packages\sklearn\preprocessing\_discretization.py:279: UserWarning: Bins whose width are too small (i.e., <= 1e-8) in feature 1 are removed. Consider decreasing the number of bins.
  warnings.warn(
D:\Project\flash-ticket-rca-research\environments\task-e\rcd39\lib\site-packages\sklearn\preprocessing\_discretization.py:268: ConvergenceWarning: Number of distinct clusters (6) found smaller than n_clusters (7). Possibly due to duplicate points in X.
  centers = km.fit(column[:, None]).cluster_centers_[:, 0]
D:\Project\flash-ticket-rca-research\environments\task-e\rcd39\lib\site-packages\sklearn\preprocessing\_discretization.py:268: ConvergenceWarning: Number of distinct clusters (4) found smaller than n_clusters (7). Possibly due to duplicate points in X.
  centers = km.fit(column[:, None]).cluster_centers_[:, 0]
D:\Project\flash-ticket-rca-research\environments\task-e\rcd39\lib\site-packages\sklearn\preprocessing\_discretization.py:279: UserWarning: Bins whose width are too small (i.e., <= 1e-8) in feature 3 are removed. Consider decreasing the number of bins.
  warnings.warn(
D:\Project\flash-ticket-rca-research\environments\task-e\rcd39\lib\site-packages\sklearn\preprocessing\_discretization.py:268: ConvergenceWarning: Number of distinct clusters (6) found smaller than n_clusters (7). Possibly due to duplicate points in X.
  centers = km.fit(column[:, None]).cluster_centers_[:, 0]
D:\Project\flash-ticket-rca-research\environments\task-e\rcd39\lib\site-packages\sklearn\preprocessing\_discretization.py:268: ConvergenceWarning: Number of distinct clusters (3) found smaller than n_clusters (7). Possibly due to duplicate points in X.
  centers = km.fit(column[:, None]).cluster_centers_[:, 0]
D:\Project\flash-ticket-rca-research\environments\task-e\rcd39\lib\site-packages\sklearn\preprocessing\_discretization.py:279: UserWarning: Bins whose width are too small (i.e., <= 1e-8) in feature 2 are removed. Consider decreasing the number of bins.
  warnings.warn(
D:\Project\flash-ticket-rca-research\environments\task-e\rcd39\lib\site-packages\sklearn\preprocessing\_discretization.py:268: ConvergenceWarning: Number of distinct clusters (3) found smaller than n_clusters (7). Possibly due to duplicate points in X.
  centers = km.fit(column[:, None]).cluster_centers_[:, 0]
D:\Project\flash-ticket-rca-research\environments\task-e\rcd39\lib\site-packages\sklearn\preprocessing\_discretization.py:279: UserWarning: Bins whose width are too small (i.e., <= 1e-8) in feature 1 are removed. Consider decreasing the number of bins.
  warnings.warn(
D:\Project\flash-ticket-rca-research\environments\task-e\rcd39\lib\site-packages\sklearn\preprocessing\_discretization.py:268: ConvergenceWarning: Number of distinct clusters (6) found smaller than n_clusters (7). Possibly due to duplicate points in X.
  centers = km.fit(column[:, None]).cluster_centers_[:, 0]
D:\Project\flash-ticket-rca-research\environments\task-e\rcd39\lib\site-packages\sklearn\preprocessing\_discretization.py:279: UserWarning: Bins whose width are too small (i.e., <= 1e-8) in feature 2 are removed. Consider decreasing the number of bins.
  warnings.warn(
D:\Project\flash-ticket-rca-research\environments\task-e\rcd39\lib\site-packages\sklearn\preprocessing\_discretization.py:268: ConvergenceWarning: Number of distinct clusters (6) found smaller than n_clusters (7). Possibly due to duplicate points in X.
  centers = km.fit(column[:, None]).cluster_centers_[:, 0]
D:\Project\flash-ticket-rca-research\environments\task-e\rcd39\lib\site-packages\sklearn\preprocessing\_discretization.py:268: ConvergenceWarning: Number of distinct clusters (4) found smaller than n_clusters (7). Possibly due to duplicate points in X.
  centers = km.fit(column[:, None]).cluster_centers_[:, 0]
D:\Project\flash-ticket-rca-research\environments\task-e\rcd39\lib\site-packages\sklearn\preprocessing\_discretization.py:279: UserWarning: Bins whose width are too small (i.e., <= 1e-8) in feature 2 are removed. Consider decreasing the number of bins.
  warnings.warn(
D:\Project\flash-ticket-rca-research\environments\task-e\rcd39\lib\site-packages\sklearn\preprocessing\_discretization.py:268: ConvergenceWarning: Number of distinct clusters (4) found smaller than n_clusters (7). Possibly due to duplicate points in X.
  centers = km.fit(column[:, None]).cluster_centers_[:, 0]
D:\Project\flash-ticket-rca-research\environments\task-e\rcd39\lib\site-packages\sklearn\preprocessing\_discretization.py:279: UserWarning: Bins whose width are too small (i.e., <= 1e-8) in feature 4 are removed. Consider decreasing the number of bins.
  warnings.warn(
D:\Project\flash-ticket-rca-research\environments\task-e\rcd39\lib\site-packages\sklearn\preprocessing\_discretization.py:268: ConvergenceWarning: Number of distinct clusters (6) found smaller than n_clusters (7). Possibly due to duplicate points in X.
  centers = km.fit(column[:, None]).cluster_centers_[:, 0]
D:\Project\flash-ticket-rca-research\environments\task-e\rcd39\lib\site-packages\sklearn\preprocessing\_discretization.py:268: ConvergenceWarning: Number of distinct clusters (3) found smaller than n_clusters (7). Possibly due to duplicate points in X.
  centers = km.fit(column[:, None]).cluster_centers_[:, 0]
D:\Project\flash-ticket-rca-research\environments\task-e\rcd39\lib\site-packages\sklearn\preprocessing\_discretization.py:279: UserWarning: Bins whose width are too small (i.e., <= 1e-8) in feature 0 are removed. Consider decreasing the number of bins.
  warnings.warn(
D:\Project\flash-ticket-rca-research\environments\task-e\rcd39\lib\site-packages\sklearn\preprocessing\_discretization.py:268: ConvergenceWarning: Number of distinct clusters (4) found smaller than n_clusters (7). Possibly due to duplicate points in X.
  centers = km.fit(column[:, None]).cluster_centers_[:, 0]
D:\Project\flash-ticket-rca-research\environments\task-e\rcd39\lib\site-packages\sklearn\preprocessing\_discretization.py:279: UserWarning: Bins whose width are too small (i.e., <= 1e-8) in feature 1 are removed. Consider decreasing the number of bins.
  warnings.warn(
D:\Project\flash-ticket-rca-research\environments\task-e\rcd39\lib\site-packages\sklearn\preprocessing\_discretization.py:268: ConvergenceWarning: Number of distinct clusters (6) found smaller than n_clusters (7). Possibly due to duplicate points in X.
  centers = km.fit(column[:, None]).cluster_centers_[:, 0]
D:\Project\flash-ticket-rca-research\environments\task-e\rcd39\lib\site-packages\sklearn\preprocessing\_discretization.py:279: UserWarning: Bins whose width are too small (i.e., <= 1e-8) in feature 4 are removed. Consider decreasing the number of bins.
  warnings.warn(
D:\Project\flash-ticket-rca-research\environments\task-e\rcd39\lib\site-packages\sklearn\preprocessing\_discretization.py:268: ConvergenceWarning: Number of distinct clusters (4) found smaller than n_clusters (7). Possibly due to duplicate points in X.
  centers = km.fit(column[:, None]).cluster_centers_[:, 0]
D:\Project\flash-ticket-rca-research\environments\task-e\rcd39\lib\site-packages\sklearn\preprocessing\_discretization.py:279: UserWarning: Bins whose width are too small (i.e., <= 1e-8) in feature 4 are removed. Consider decreasing the number of bins.
  warnings.warn(
D:\Project\flash-ticket-rca-research\environments\task-e\rcd39\lib\site-packages\sklearn\preprocessing\_discretization.py:268: ConvergenceWarning: Number of distinct clusters (3) found smaller than n_clusters (7). Possibly due to duplicate points in X.
  centers = km.fit(column[:, None]).cluster_centers_[:, 0]
D:\Project\flash-ticket-rca-research\environments\task-e\rcd39\lib\site-packages\sklearn\preprocessing\_discretization.py:279: UserWarning: Bins whose width are too small (i.e., <= 1e-8) in feature 0 are removed. Consider decreasing the number of bins.
  warnings.warn(
D:\Project\flash-ticket-rca-research\environments\task-e\rcd39\lib\site-packages\sklearn\preprocessing\_discretization.py:268: ConvergenceWarning: Number of distinct clusters (6) found smaller than n_clusters (7). Possibly due to duplicate points in X.
  centers = km.fit(column[:, None]).cluster_centers_[:, 0]
D:\Project\flash-ticket-rca-research\environments\task-e\rcd39\lib\site-packages\sklearn\preprocessing\_discretization.py:279: UserWarning: Bins whose width are too small (i.e., <= 1e-8) in feature 3 are removed. Consider decreasing the number of bins.
  warnings.warn(
D:\Project\flash-ticket-rca-research\environments\task-e\rcd39\lib\site-packages\sklearn\preprocessing\_discretization.py:268: ConvergenceWarning: Number of distinct clusters (6) found smaller than n_clusters (7). Possibly due to duplicate points in X.
  centers = km.fit(column[:, None]).cluster_centers_[:, 0]
D:\Project\flash-ticket-rca-research\environments\task-e\rcd39\lib\site-packages\sklearn\preprocessing\_discretization.py:268: ConvergenceWarning: Number of distinct clusters (6) found smaller than n_clusters (7). Possibly due to duplicate points in X.
  centers = km.fit(column[:, None]).cluster_centers_[:, 0]
D:\Project\flash-ticket-rca-research\environments\task-e\rcd39\lib\site-packages\sklearn\preprocessing\_discretization.py:279: UserWarning: Bins whose width are too small (i.e., <= 1e-8) in feature 2 are removed. Consider decreasing the number of bins.
  warnings.warn(
D:\Project\flash-ticket-rca-research\environments\task-e\rcd39\lib\site-packages\sklearn\preprocessing\_discretization.py:268: ConvergenceWarning: Number of distinct clusters (6) found smaller than n_clusters (7). Possibly due to duplicate points in X.
  centers = km.fit(column[:, None]).cluster_centers_[:, 0]
D:\Project\flash-ticket-rca-research\environments\task-e\rcd39\lib\site-packages\sklearn\preprocessing\_discretization.py:268: ConvergenceWarning: Number of distinct clusters (3) found smaller than n_clusters (7). Possibly due to duplicate points in X.
  centers = km.fit(column[:, None]).cluster_centers_[:, 0]
D:\Project\flash-ticket-rca-research\environments\task-e\rcd39\lib\site-packages\sklearn\preprocessing\_discretization.py:279: UserWarning: Bins whose width are too small (i.e., <= 1e-8) in feature 1 are removed. Consider decreasing the number of bins.
  warnings.warn(
D:\Project\flash-ticket-rca-research\environments\task-e\rcd39\lib\site-packages\sklearn\preprocessing\_discretization.py:268: ConvergenceWarning: Number of distinct clusters (6) found smaller than n_clusters (7). Possibly due to duplicate points in X.
  centers = km.fit(column[:, None]).cluster_centers_[:, 0]
D:\Project\flash-ticket-rca-research\environments\task-e\rcd39\lib\site-packages\sklearn\preprocessing\_discretization.py:279: UserWarning: Bins whose width are too small (i.e., <= 1e-8) in feature 0 are removed. Consider decreasing the number of bins.
  warnings.warn(
D:\Project\flash-ticket-rca-research\environments\task-e\rcd39\lib\site-packages\sklearn\preprocessing\_discretization.py:268: ConvergenceWarning: Number of distinct clusters (6) found smaller than n_clusters (7). Possibly due to duplicate points in X.
  centers = km.fit(column[:, None]).cluster_centers_[:, 0]
D:\Project\flash-ticket-rca-research\environments\task-e\rcd39\lib\site-packages\sklearn\preprocessing\_discretization.py:279: UserWarning: Bins whose width are too small (i.e., <= 1e-8) in feature 1 are removed. Consider decreasing the number of bins.
  warnings.warn(
