Executing environment step 1
Executing environment step 2
Collecting pip==25.2
  Downloading pip-25.2-py3-none-any.whl (1.8 MB)
     ---------------------------------------- 1.8/1.8 MB 1.2 MB/s eta 0:00:00
Collecting setuptools==68.2.2
  Downloading setuptools-68.2.2-py3-none-any.whl (807 kB)
     -------------------------------------- 807.9/807.9 KB 3.2 MB/s eta 0:00:00
Collecting wheel==0.41.3
  Downloading wheel-0.41.3-py3-none-any.whl (65 kB)
     ---------------------------------------- 65.8/65.8 KB 3.5 MB/s eta 0:00:00
Installing collected packages: wheel, setuptools, pip
  Attempting uninstall: setuptools
    Found existing installation: setuptools 58.1.0
    Uninstalling setuptools-58.1.0:
      Successfully uninstalled setuptools-58.1.0
  Attempting uninstall: pip
    Found existing installation: pip 22.0.4
    Uninstalling pip-22.0.4:
      Successfully uninstalled pip-22.0.4
Successfully installed pip-25.2 setuptools-68.2.2 wheel-0.41.3
Executing environment step 3
Collecting causal-learn==0.1.2.3
  Downloading causal_learn-0.1.2.3-py3-none-any.whl.metadata (2.2 kB)
Collecting numpy==1.23.5
  Downloading numpy-1.23.5-cp39-cp39-win_amd64.whl.metadata (2.3 kB)
Collecting pandas==2.0.1
  Downloading pandas-2.0.1-cp39-cp39-win_amd64.whl.metadata (18 kB)
Collecting scikit-learn==1.2.2
  Downloading scikit_learn-1.2.2-cp39-cp39-win_amd64.whl.metadata (11 kB)
Collecting scipy==1.10.1
  Downloading scipy-1.10.1-cp39-cp39-win_amd64.whl.metadata (58 kB)
Collecting networkx==2.5
  Downloading networkx-2.5-py3-none-any.whl.metadata (4.9 kB)
Collecting tqdm==4.65.0
  Downloading tqdm-4.65.0-py3-none-any.whl.metadata (56 kB)
Collecting matplotlib==3.7.1
  Downloading matplotlib-3.7.1-cp39-cp39-win_amd64.whl.metadata (5.8 kB)
Collecting contourpy==1.0.7
  Downloading contourpy-1.0.7-cp39-cp39-win_amd64.whl.metadata (3.9 kB)
Collecting cycler==0.11.0
  Downloading cycler-0.11.0-py3-none-any.whl.metadata (785 bytes)
Collecting fonttools==4.39.4
  Downloading fonttools-4.39.4-py3-none-any.whl.metadata (146 kB)
Collecting kiwisolver==1.4.4
  Downloading kiwisolver-1.4.4-cp39-cp39-win_amd64.whl.metadata (6.3 kB)
Collecting packaging==23.1
  Downloading packaging-23.1-py3-none-any.whl.metadata (3.1 kB)
Collecting Pillow==9.5.0
  Downloading Pillow-9.5.0-cp39-cp39-win_amd64.whl.metadata (9.7 kB)
Collecting pyparsing==3.0.9
  Downloading pyparsing-3.0.9-py3-none-any.whl.metadata (4.2 kB)
Collecting python-dateutil==2.8.2
  Downloading python_dateutil-2.8.2-py2.py3-none-any.whl.metadata (8.2 kB)
Collecting six==1.16.0
  Downloading six-1.16.0-py2.py3-none-any.whl.metadata (1.8 kB)
Collecting pytz==2023.3
  Downloading pytz-2023.3-py2.py3-none-any.whl.metadata (22 kB)
Collecting tzdata==2023.3
  Downloading tzdata-2023.3-py2.py3-none-any.whl.metadata (1.4 kB)
Collecting joblib==1.2.0
  Downloading joblib-1.2.0-py3-none-any.whl.metadata (5.3 kB)
Collecting threadpoolctl==3.1.0
  Downloading threadpoolctl-3.1.0-py3-none-any.whl.metadata (9.2 kB)
Collecting decorator==5.1.1
  Downloading decorator-5.1.1-py3-none-any.whl.metadata (4.0 kB)
Collecting colorama==0.4.6
  Using cached colorama-0.4.6-py2.py3-none-any.whl.metadata (17 kB)
Collecting pydot==1.4.2
  Downloading pydot-1.4.2-py2.py3-none-any.whl.metadata (8.0 kB)
Collecting graphviz==0.20.1
  Downloading graphviz-0.20.1-py3-none-any.whl.metadata (12 kB)
Collecting statsmodels==0.14.0
  Downloading statsmodels-0.14.0-cp39-cp39-win_amd64.whl.metadata (9.3 kB)
Collecting patsy==0.5.3
  Downloading patsy-0.5.3-py2.py3-none-any.whl.metadata (3.4 kB)
Collecting importlib-resources==5.12.0
  Downloading importlib_resources-5.12.0-py3-none-any.whl.metadata (4.1 kB)
Collecting zipp==3.15.0
  Downloading zipp-3.15.0-py3-none-any.whl.metadata (3.7 kB)
Downloading causal_learn-0.1.2.3-py3-none-any.whl (163 kB)
Downloading numpy-1.23.5-cp39-cp39-win_amd64.whl (14.7 MB)
   ---------------------------------------- 14.7/14.7 MB 5.8 MB/s  0:00:02
Downloading pandas-2.0.1-cp39-cp39-win_amd64.whl (10.7 MB)
   ---------------------------------------- 10.7/10.7 MB 8.1 MB/s  0:00:01
Downloading scikit_learn-1.2.2-cp39-cp39-win_amd64.whl (8.4 MB)
   ---------------------------------------- 8.4/8.4 MB 8.4 MB/s  0:00:01
Downloading scipy-1.10.1-cp39-cp39-win_amd64.whl (42.5 MB)
   ---------------------------------------- 42.5/42.5 MB 5.2 MB/s  0:00:08
Downloading networkx-2.5-py3-none-any.whl (1.6 MB)
   ---------------------------------------- 1.6/1.6 MB 17.3 MB/s  0:00:00
Downloading tqdm-4.65.0-py3-none-any.whl (77 kB)
Downloading matplotlib-3.7.1-cp39-cp39-win_amd64.whl (7.6 MB)
   ---------------------------------------- 7.6/7.6 MB 5.4 MB/s  0:00:01
Downloading contourpy-1.0.7-cp39-cp39-win_amd64.whl (160 kB)
Downloading cycler-0.11.0-py3-none-any.whl (6.4 kB)
Downloading fonttools-4.39.4-py3-none-any.whl (1.0 MB)
   ---------------------------------------- 1.0/1.0 MB 11.9 MB/s  0:00:00
Downloading kiwisolver-1.4.4-cp39-cp39-win_amd64.whl (55 kB)
Downloading packaging-23.1-py3-none-any.whl (48 kB)
Downloading Pillow-9.5.0-cp39-cp39-win_amd64.whl (2.5 MB)
   ---------------------------------------- 2.5/2.5 MB 12.1 MB/s  0:00:00
Downloading pyparsing-3.0.9-py3-none-any.whl (98 kB)
Downloading python_dateutil-2.8.2-py2.py3-none-any.whl (247 kB)
Downloading six-1.16.0-py2.py3-none-any.whl (11 kB)
Downloading pytz-2023.3-py2.py3-none-any.whl (502 kB)
Downloading tzdata-2023.3-py2.py3-none-any.whl (341 kB)
Downloading joblib-1.2.0-py3-none-any.whl (297 kB)
Downloading threadpoolctl-3.1.0-py3-none-any.whl (14 kB)
Downloading decorator-5.1.1-py3-none-any.whl (9.1 kB)
Using cached colorama-0.4.6-py2.py3-none-any.whl (25 kB)
Downloading pydot-1.4.2-py2.py3-none-any.whl (21 kB)
Downloading graphviz-0.20.1-py3-none-any.whl (47 kB)
Downloading statsmodels-0.14.0-cp39-cp39-win_amd64.whl (9.4 MB)
   ---------------------------------------- 9.4/9.4 MB 9.0 MB/s  0:00:01
Downloading patsy-0.5.3-py2.py3-none-any.whl (233 kB)
Downloading importlib_resources-5.12.0-py3-none-any.whl (36 kB)
Downloading zipp-3.15.0-py3-none-any.whl (6.8 kB)
Installing collected packages: pytz, zipp, tzdata, threadpoolctl, six, pyparsing, Pillow, packaging, numpy, kiwisolver, joblib, graphviz, fonttools, decorator, cycler, colorama, tqdm, scipy, python-dateutil, pydot, patsy, networkx, importlib-resources, contourpy, scikit-learn, pandas, matplotlib, statsmodels, causal-learn

Successfully installed Pillow-9.5.0 causal-learn-0.1.2.3 colorama-0.4.6 contourpy-1.0.7 cycler-0.11.0 decorator-5.1.1 fonttools-4.39.4 graphviz-0.20.1 importlib-resources-5.12.0 joblib-1.2.0 kiwisolver-1.4.4 matplotlib-3.7.1 networkx-2.5 numpy-1.23.5 packaging-23.1 pandas-2.0.1 patsy-0.5.3 pydot-1.4.2 pyparsing-3.0.9 python-dateutil-2.8.2 pytz-2023.3 scikit-learn-1.2.2 scipy-1.10.1 six-1.16.0 statsmodels-0.14.0 threadpoolctl-3.1.0 tqdm-4.65.0 tzdata-2023.3 zipp-3.15.0
Executing environment step 4
No broken requirements found.
