bin10 1/30 96538c0c0d6a11d8 COMPLETE 5.3s
bin10 2/30 63f914383963739b COMPLETE 5.5s
bin10 3/30 45e43770afa33cef COMPLETE 4.7s
bin10 4/30 87443a2d6d14434c COMPLETE 5.2s
bin10 5/30 24851f5149e4321a COMPLETE 5.7s
bin10 6/30 549b2f655fc55fd1 COMPLETE 5.4s
bin10 7/30 4bdb62f38b122bbc COMPLETE 4.8s
bin10 8/30 b0a2dcc878eeefa3 COMPLETE 4.4s
bin10 9/30 9b847bd8f23c07af COMPLETE 4.3s
bin10 10/30 cea480a087995c2a COMPLETE 6.2s
bin10 11/30 f900792c9a1f5622 COMPLETE 4.6s
bin10 12/30 9d1464b4fb8a49c0 COMPLETE 4.4s
bin10 13/30 58e365eed32084b4 COMPLETE 6.4s
bin10 14/30 15fa2ad3a7eecebd COMPLETE 7.7s
bin10 15/30 c60cff817fc2d5cf COMPLETE 6.5s
bin10 16/30 0f1447a5823d8a23 COMPLETE 8.1s
bin10 17/30 5bf54b9f116a5fa1 COMPLETE 7.8s
bin10 18/30 47f193d58b233d8a COMPLETE 7.4s
bin10 19/30 f13a01ab09a3962b COMPLETE 10.5s
bin10 20/30 b4f7da80e26ff729 COMPLETE 7.2s
bin10 21/30 8fe6a000483edc0e COMPLETE 6.0s
bin10 22/30 8534e6237bee1618 COMPLETE 5.7s
bin10 23/30 84c4c18e60502036 COMPLETE 5.6s
bin10 24/30 0868b9b567cd44c8 COMPLETE 5.4s
bin10 25/30 27afdc4e5ac07b32 COMPLETE 5.6s
bin10 26/30 757b880ecadc87f4 COMPLETE 5.1s
bin10 27/30 3b90d794c8506cef COMPLETE 5.7s
bin10 28/30 dd8536efed49ca5a COMPLETE 7.7s
bin10 29/30 b493b6b9e7b01687 COMPLETE 7.1s
bin10 30/30 7138fe1fe1ddf617 COMPLETE 6.3s
prefix240 1/30 96538c0c0d6a11d8 COMPLETE 8.9s
prefix240 2/30 63f914383963739b COMPLETE 8.2s
prefix240 3/30 45e43770afa33cef COMPLETE 8.5s
prefix240 4/30 87443a2d6d14434c COMPLETE 9.7s
prefix240 5/30 24851f5149e4321a COMPLETE 11.2s
prefix240 6/30 549b2f655fc55fd1 COMPLETE 14.5s
prefix240 7/30 4bdb62f38b122bbc COMPLETE 10.6s
prefix240 8/30 b0a2dcc878eeefa3 COMPLETE 7.9s
prefix240 9/30 9b847bd8f23c07af COMPLETE 7.5s
prefix240 10/30 cea480a087995c2a COMPLETE 9.6s
prefix240 11/30 f900792c9a1f5622 COMPLETE 7.0s
prefix240 12/30 9d1464b4fb8a49c0 COMPLETE 7.1s
prefix240 13/30 58e365eed32084b4 COMPLETE 8.7s
prefix240 14/30 15fa2ad3a7eecebd COMPLETE 8.7s
prefix240 15/30 c60cff817fc2d5cf COMPLETE 9.9s
prefix240 16/30 0f1447a5823d8a23 COMPLETE 10.3s
prefix240 17/30 5bf54b9f116a5fa1 COMPLETE 8.9s
prefix240 18/30 47f193d58b233d8a COMPLETE 9.8s
prefix240 19/30 f13a01ab09a3962b COMPLETE 10.7s
prefix240 20/30 b4f7da80e26ff729 COMPLETE 11.4s
prefix240 21/30 8fe6a000483edc0e COMPLETE 11.1s
prefix240 22/30 8534e6237bee1618 COMPLETE 11.0s
prefix240 23/30 84c4c18e60502036 COMPLETE 8.7s
prefix240 24/30 0868b9b567cd44c8 COMPLETE 9.1s
prefix240 25/30 27afdc4e5ac07b32 COMPLETE 8.6s
prefix240 26/30 757b880ecadc87f4 COMPLETE 8.1s
prefix240 27/30 3b90d794c8506cef COMPLETE 7.9s
prefix240 28/30 dd8536efed49ca5a COMPLETE 8.7s
prefix240 29/30 b493b6b9e7b01687 COMPLETE 11.1s
prefix240 30/30 7138fe1fe1ddf617 COMPLETE 9.5s
lag3 1/30 96538c0c0d6a11d8 COMPLETE 11.7s
lag3 2/30 63f914383963739b COMPLETE 10.3s
lag3 3/30 45e43770afa33cef COMPLETE 10.0s
lag3 4/30 87443a2d6d14434c COMPLETE 10.3s
lag3 5/30 24851f5149e4321a COMPLETE 10.8s
lag3 6/30 549b2f655fc55fd1 COMPLETE 9.6s
lag3 7/30 4bdb62f38b122bbc COMPLETE 9.9s
lag3 8/30 b0a2dcc878eeefa3 COMPLETE 6.5s
lag3 9/30 9b847bd8f23c07af COMPLETE 6.4s
lag3 10/30 cea480a087995c2a COMPLETE 8.4s
lag3 11/30 f900792c9a1f5622 COMPLETE 10.1s
lag3 12/30 9d1464b4fb8a49c0 COMPLETE 6.7s
lag3 13/30 58e365eed32084b4 COMPLETE 11.0s
lag3 14/30 15fa2ad3a7eecebd COMPLETE 9.9s
lag3 15/30 c60cff817fc2d5cf COMPLETE 9.2s
lag3 16/30 0f1447a5823d8a23 COMPLETE 9.0s
lag3 17/30 5bf54b9f116a5fa1 COMPLETE 7.9s
lag3 18/30 47f193d58b233d8a COMPLETE 11.6s
lag3 19/30 f13a01ab09a3962b COMPLETE 9.0s
lag3 20/30 b4f7da80e26ff729 COMPLETE 8.3s
lag3 21/30 8fe6a000483edc0e COMPLETE 8.0s
lag3 22/30 8534e6237bee1618 COMPLETE 7.8s
lag3 23/30 84c4c18e60502036 COMPLETE 6.9s
lag3 24/30 0868b9b567cd44c8 COMPLETE 7.3s
lag3 25/30 27afdc4e5ac07b32 COMPLETE 6.7s
lag3 26/30 757b880ecadc87f4 COMPLETE 5.5s
lag3 27/30 3b90d794c8506cef COMPLETE 6.3s
lag3 28/30 dd8536efed49ca5a COMPLETE 8.2s
lag3 29/30 b493b6b9e7b01687 COMPLETE 8.5s
lag3 30/30 7138fe1fe1ddf617 COMPLETE 7.1s
residual-floor-0.001 1/30 96538c0c0d6a11d8 COMPLETE 6.8s
residual-floor-0.001 2/30 63f914383963739b COMPLETE 7.3s
residual-floor-0.001 3/30 45e43770afa33cef COMPLETE 6.8s
residual-floor-0.001 4/30 87443a2d6d14434c COMPLETE 6.6s
residual-floor-0.001 5/30 24851f5149e4321a COMPLETE 7.3s
residual-floor-0.001 6/30 549b2f655fc55fd1 COMPLETE 8.2s
residual-floor-0.001 7/30 4bdb62f38b122bbc COMPLETE 8.6s
residual-floor-0.001 8/30 b0a2dcc878eeefa3 COMPLETE 7.3s
residual-floor-0.001 9/30 9b847bd8f23c07af COMPLETE 8.3s
residual-floor-0.001 10/30 cea480a087995c2a COMPLETE 9.3s
residual-floor-0.001 11/30 f900792c9a1f5622 COMPLETE 6.8s
residual-floor-0.001 12/30 9d1464b4fb8a49c0 COMPLETE 6.6s
residual-floor-0.001 13/30 58e365eed32084b4 COMPLETE 8.8s
residual-floor-0.001 14/30 15fa2ad3a7eecebd COMPLETE 6.7s
residual-floor-0.001 15/30 c60cff817fc2d5cf COMPLETE 6.7s
residual-floor-0.001 16/30 0f1447a5823d8a23 COMPLETE 7.3s
residual-floor-0.001 17/30 5bf54b9f116a5fa1 COMPLETE 15.9s
residual-floor-0.001 18/30 47f193d58b233d8a COMPLETE 19.9s
residual-floor-0.001 19/30 f13a01ab09a3962b COMPLETE 8.5s
residual-floor-0.001 20/30 b4f7da80e26ff729 COMPLETE 8.1s
residual-floor-0.001 21/30 8fe6a000483edc0e COMPLETE 8.3s
residual-floor-0.001 22/30 8534e6237bee1618 COMPLETE 9.2s
residual-floor-0.001 23/30 84c4c18e60502036 COMPLETE 7.7s
residual-floor-0.001 24/30 0868b9b567cd44c8 COMPLETE 7.0s
residual-floor-0.001 25/30 27afdc4e5ac07b32 COMPLETE 7.5s
residual-floor-0.001 26/30 757b880ecadc87f4 COMPLETE 6.9s
residual-floor-0.001 27/30 3b90d794c8506cef COMPLETE 5.8s
residual-floor-0.001 28/30 dd8536efed49ca5a COMPLETE 6.6s
residual-floor-0.001 29/30 b493b6b9e7b01687 COMPLETE 6.5s
residual-floor-0.001 30/30 7138fe1fe1ddf617 COMPLETE 6.8s
residual-floor-0.1 1/30 96538c0c0d6a11d8 COMPLETE 6.3s
residual-floor-0.1 2/30 63f914383963739b COMPLETE 6.5s
residual-floor-0.1 3/30 45e43770afa33cef COMPLETE 6.9s
residual-floor-0.1 4/30 87443a2d6d14434c COMPLETE 9.0s
residual-floor-0.1 5/30 24851f5149e4321a COMPLETE 16.6s
residual-floor-0.1 6/30 549b2f655fc55fd1 COMPLETE 19.1s
residual-floor-0.1 7/30 4bdb62f38b122bbc COMPLETE 20.2s
residual-floor-0.1 8/30 b0a2dcc878eeefa3 COMPLETE 15.4s
residual-floor-0.1 9/30 9b847bd8f23c07af COMPLETE 14.0s
residual-floor-0.1 10/30 cea480a087995c2a COMPLETE 18.2s
residual-floor-0.1 11/30 f900792c9a1f5622 COMPLETE 15.5s
residual-floor-0.1 12/30 9d1464b4fb8a49c0 COMPLETE 15.2s
residual-floor-0.1 13/30 58e365eed32084b4 COMPLETE 19.4s
residual-floor-0.1 14/30 15fa2ad3a7eecebd COMPLETE 18.4s
residual-floor-0.1 15/30 c60cff817fc2d5cf COMPLETE 23.7s
residual-floor-0.1 16/30 0f1447a5823d8a23 COMPLETE 18.8s
residual-floor-0.1 17/30 5bf54b9f116a5fa1 COMPLETE 23.5s
residual-floor-0.1 18/30 47f193d58b233d8a COMPLETE 26.0s
residual-floor-0.1 19/30 f13a01ab09a3962b COMPLETE 16.5s
residual-floor-0.1 20/30 b4f7da80e26ff729 COMPLETE 10.1s
residual-floor-0.1 21/30 8fe6a000483edc0e COMPLETE 12.5s
residual-floor-0.1 22/30 8534e6237bee1618 COMPLETE 11.2s
residual-floor-0.1 23/30 84c4c18e60502036 COMPLETE 13.5s
residual-floor-0.1 24/30 0868b9b567cd44c8 COMPLETE 12.8s
residual-floor-0.1 25/30 27afdc4e5ac07b32 COMPLETE 17.4s
residual-floor-0.1 26/30 757b880ecadc87f4 COMPLETE 12.4s
residual-floor-0.1 27/30 3b90d794c8506cef COMPLETE 18.0s
residual-floor-0.1 28/30 dd8536efed49ca5a COMPLETE 12.6s
residual-floor-0.1 29/30 b493b6b9e7b01687 COMPLETE 21.5s
residual-floor-0.1 30/30 7138fe1fe1ddf617 COMPLETE 13.5s
relative-floor-0.0001 1/30 96538c0c0d6a11d8 COMPLETE 16.8s
relative-floor-0.0001 2/30 63f914383963739b COMPLETE 21.0s
relative-floor-0.0001 3/30 45e43770afa33cef COMPLETE 15.2s
relative-floor-0.0001 4/30 87443a2d6d14434c COMPLETE 10.7s
relative-floor-0.0001 5/30 24851f5149e4321a COMPLETE 10.5s
relative-floor-0.0001 6/30 549b2f655fc55fd1 COMPLETE 11.5s
relative-floor-0.0001 7/30 4bdb62f38b122bbc COMPLETE 14.4s
relative-floor-0.0001 8/30 b0a2dcc878eeefa3 COMPLETE 19.0s
relative-floor-0.0001 9/30 9b847bd8f23c07af COMPLETE 11.8s
relative-floor-0.0001 10/30 cea480a087995c2a COMPLETE 11.9s
relative-floor-0.0001 11/30 f900792c9a1f5622 COMPLETE 9.2s
relative-floor-0.0001 12/30 9d1464b4fb8a49c0 COMPLETE 8.6s
relative-floor-0.0001 13/30 58e365eed32084b4 COMPLETE 18.4s
relative-floor-0.0001 14/30 15fa2ad3a7eecebd COMPLETE 12.1s
relative-floor-0.0001 15/30 c60cff817fc2d5cf COMPLETE 17.4s
relative-floor-0.0001 16/30 0f1447a5823d8a23 COMPLETE 16.5s
relative-floor-0.0001 17/30 5bf54b9f116a5fa1 COMPLETE 14.4s
relative-floor-0.0001 18/30 47f193d58b233d8a COMPLETE 21.7s
relative-floor-0.0001 19/30 f13a01ab09a3962b COMPLETE 20.8s
relative-floor-0.0001 20/30 b4f7da80e26ff729 COMPLETE 11.7s
relative-floor-0.0001 21/30 8fe6a000483edc0e COMPLETE 10.8s
relative-floor-0.0001 22/30 8534e6237bee1618 COMPLETE 10.4s
relative-floor-0.0001 23/30 84c4c18e60502036 COMPLETE 11.5s
relative-floor-0.0001 24/30 0868b9b567cd44c8 COMPLETE 12.9s
relative-floor-0.0001 25/30 27afdc4e5ac07b32 COMPLETE 16.3s
relative-floor-0.0001 26/30 757b880ecadc87f4 COMPLETE 11.2s
relative-floor-0.0001 27/30 3b90d794c8506cef COMPLETE 8.9s
relative-floor-0.0001 28/30 dd8536efed49ca5a COMPLETE 11.7s
relative-floor-0.0001 29/30 b493b6b9e7b01687 COMPLETE 13.0s
relative-floor-0.0001 30/30 7138fe1fe1ddf617 COMPLETE 22.2s
relative-floor-0.001 1/30 96538c0c0d6a11d8 COMPLETE 16.4s
relative-floor-0.001 2/30 63f914383963739b COMPLETE 25.9s
relative-floor-0.001 3/30 45e43770afa33cef COMPLETE 29.9s
relative-floor-0.001 4/30 87443a2d6d14434c COMPLETE 15.3s
relative-floor-0.001 5/30 24851f5149e4321a COMPLETE 14.8s
relative-floor-0.001 6/30 549b2f655fc55fd1 COMPLETE 21.1s
relative-floor-0.001 7/30 4bdb62f38b122bbc COMPLETE 19.8s
relative-floor-0.001 8/30 b0a2dcc878eeefa3 COMPLETE 11.1s
relative-floor-0.001 9/30 9b847bd8f23c07af COMPLETE 8.3s
relative-floor-0.001 10/30 cea480a087995c2a COMPLETE 12.2s
relative-floor-0.001 11/30 f900792c9a1f5622 COMPLETE 14.4s
relative-floor-0.001 12/30 9d1464b4fb8a49c0 COMPLETE 8.2s
relative-floor-0.001 13/30 58e365eed32084b4 COMPLETE 19.1s
relative-floor-0.001 14/30 15fa2ad3a7eecebd COMPLETE 9.7s
relative-floor-0.001 15/30 c60cff817fc2d5cf COMPLETE 17.6s
relative-floor-0.001 16/30 0f1447a5823d8a23 COMPLETE 13.5s
relative-floor-0.001 17/30 5bf54b9f116a5fa1 COMPLETE 12.2s
relative-floor-0.001 18/30 47f193d58b233d8a COMPLETE 16.4s
relative-floor-0.001 19/30 f13a01ab09a3962b COMPLETE 13.8s
relative-floor-0.001 20/30 b4f7da80e26ff729 COMPLETE 21.2s
relative-floor-0.001 21/30 8fe6a000483edc0e COMPLETE 23.9s
relative-floor-0.001 22/30 8534e6237bee1618 COMPLETE 20.8s
relative-floor-0.001 23/30 84c4c18e60502036 COMPLETE 18.6s
relative-floor-0.001 24/30 0868b9b567cd44c8 COMPLETE 16.6s
relative-floor-0.001 25/30 27afdc4e5ac07b32 COMPLETE 16.3s
relative-floor-0.001 26/30 757b880ecadc87f4 COMPLETE 15.7s
relative-floor-0.001 27/30 3b90d794c8506cef COMPLETE 14.4s
relative-floor-0.001 28/30 dd8536efed49ca5a COMPLETE 16.8s
relative-floor-0.001 29/30 b493b6b9e7b01687 COMPLETE 17.3s
relative-floor-0.001 30/30 7138fe1fe1ddf617 COMPLETE 16.3s
{"schema": "TD13-C5-DEVELOPMENT-v1", "mode": "sensitivity", "planned": 30, "case_runs": [{"variant": "bin10", "case": "re2tt_ts-auth-service_cpu_1", "handle": "96538c0c0d6a11d8", "status": "COMPLETE", "seconds": 5.298420700011775, "tv_failures": 0}, {"variant": "bin10", "case": "re2tt_ts-auth-service_cpu_2", "handle": "63f914383963739b", "status": "COMPLETE", "seconds": 5.453339300001971, "tv_failures": 0}, {"variant": "bin10", "case": "re2tt_ts-auth-service_cpu_3", "handle": "45e43770afa33cef", "status": "COMPLETE", "seconds": 4.718391700007487, "tv_failures": 0}, {"variant": "bin10", "case": "re2tt_ts-auth-service_delay_1", "handle": "87443a2d6d14434c", "status": "COMPLETE", "seconds": 5.182023700035643, "tv_failures": 0}, {"variant": "bin10", "case": "re2tt_ts-auth-service_delay_2", "handle": "24851f5149e4321a", "status": "COMPLETE", "seconds": 5.718233299965505, "tv_failures": 0}, {"variant": "bin10", "case": "re2tt_ts-auth-service_delay_3", "handle": "549b2f655fc55fd1", "status": "COMPLETE", "seconds": 5.419297499989625, "tv_failures": 0}, {"variant": "bin10", "case": "re2tt_ts-order-service_disk_1", "handle": "4bdb62f38b122bbc", "status": "COMPLETE", "seconds": 4.816890600020997, "tv_failures": 0}, {"variant": "bin10", "case": "re2tt_ts-order-service_disk_2", "handle": "b0a2dcc878eeefa3", "status": "COMPLETE", "seconds": 4.359338499954902, "tv_failures": 0}, {"variant": "bin10", "case": "re2tt_ts-order-service_disk_3", "handle": "9b847bd8f23c07af", "status": "COMPLETE", "seconds": 4.258118899946567, "tv_failures": 0}, {"variant": "bin10", "case": "re2tt_ts-order-service_loss_1", "handle": "cea480a087995c2a", "status": "COMPLETE", "seconds": 6.154395199962892, "tv_failures": 0}, {"variant": "bin10", "case": "re2tt_ts-order-service_loss_2", "handle": "f900792c9a1f5622", "status": "COMPLETE", "seconds": 4.643928500008769, "tv_failures": 0}, {"variant": "bin10", "case": "re2tt_ts-order-service_loss_3", "handle": "9d1464b4fb8a49c0", "status": "COMPLETE", "seconds": 4.43884270003764, "tv_failures": 0}, {"variant": "bin10", "case": "re2tt_ts-route-service_mem_1", "handle": "58e365eed32084b4", "status": "COMPLETE", "seconds": 6.390139600029215, "tv_failures": 0}, {"variant": "bin10", "case": "re2tt_ts-route-service_mem_2", "handle": "15fa2ad3a7eecebd", "status": "COMPLETE", "seconds": 7.7230082000023685, "tv_failures": 0}, {"variant": "bin10", "case": "re2tt_ts-route-service_mem_3", "handle": "c60cff817fc2d5cf", "status": "COMPLETE", "seconds": 6.537200900027528, "tv_failures": 0}, {"variant": "bin10", "case": "re2tt_ts-route-service_socket_1", "handle": "0f1447a5823d8a23", "status": "COMPLETE", "seconds": 8.064347499981523, "tv_failures": 0}, {"variant": "bin10", "case": "re2tt_ts-route-service_socket_2", "handle": "5bf54b9f116a5fa1", "status": "COMPLETE", "seconds": 7.751637700013816, "tv_failures": 0}, {"variant": "bin10", "case": "re2tt_ts-route-service_socket_3", "handle": "47f193d58b233d8a", "status": "COMPLETE", "seconds": 7.427954300015699, "tv_failures": 0}, {"variant": "bin10", "case": "re2tt_ts-train-service_cpu_1", "handle": "f13a01ab09a3962b", "status": "COMPLETE", "seconds": 10.503874699992593, "tv_failures": 0}, {"variant": "bin10", "case": "re2tt_ts-train-service_cpu_2", "handle": "b4f7da80e26ff729", "status": "COMPLETE", "seconds": 7.194838299998082, "tv_failures": 0}, {"variant": "bin10", "case": "re2tt_ts-train-service_cpu_3", "handle": "8fe6a000483edc0e", "status": "COMPLETE", "seconds": 6.034932699985802, "tv_failures": 0}, {"variant": "bin10", "case": "re2tt_ts-train-service_delay_1", "handle": "8534e6237bee1618", "status": "COMPLETE", "seconds": 5.695999199990183, "tv_failures": 0}, {"variant": "bin10", "case": "re2tt_ts-train-service_delay_2", "handle": "84c4c18e60502036", "status": "COMPLETE", "seconds": 5.5709579000249505, "tv_failures": 0}, {"variant": "bin10", "case": "re2tt_ts-train-service_delay_3", "handle": "0868b9b567cd44c8", "status": "COMPLETE", "seconds": 5.393168700044043, "tv_failures": 0}, {"variant": "bin10", "case": "re2tt_ts-travel-service_disk_1", "handle": "27afdc4e5ac07b32", "status": "COMPLETE", "seconds": 5.592590099957306, "tv_failures": 0}, {"variant": "bin10", "case": "re2tt_ts-travel-service_disk_2", "handle": "757b880ecadc87f4", "status": "COMPLETE", "seconds": 5.062165700015612, "tv_failures": 0}, {"variant": "bin10", "case": "re2tt_ts-travel-service_disk_3", "handle": "3b90d794c8506cef", "status": "COMPLETE", "seconds": 5.730985799978953, "tv_failures": 0}, {"variant": "bin10", "case": "re2tt_ts-travel-service_loss_1", "handle": "dd8536efed49ca5a", "status": "COMPLETE", "seconds": 7.734671500045806, "tv_failures": 0}, {"variant": "bin10", "case": "re2tt_ts-travel-service_loss_2", "handle": "b493b6b9e7b01687", "status": "COMPLETE", "seconds": 7.060568300017621, "tv_failures": 0}, {"variant": "bin10", "case": "re2tt_ts-travel-service_loss_3", "handle": "7138fe1fe1ddf617", "status": "COMPLETE", "seconds": 6.254407299973536, "tv_failures": 0}, {"variant": "prefix240", "case": "re2tt_ts-auth-service_cpu_1", "handle": "96538c0c0d6a11d8", "status": "COMPLETE", "seconds": 8.867359899973962, "tv_failures": 0}, {"variant": "prefix240", "case": "re2tt_ts-auth-service_cpu_2", "handle": "63f914383963739b", "status": "COMPLETE", "seconds": 8.2266673000413, "tv_failures": 0}, {"variant": "prefix240", "case": "re2tt_ts-auth-service_cpu_3", "handle": "45e43770afa33cef", "status": "COMPLETE", "seconds": 8.49805130000459, "tv_failures": 0}, {"variant": "prefix240", "case": "re2tt_ts-auth-service_delay_1", "handle": "87443a2d6d14434c", "status": "COMPLETE", "seconds": 9.666023100027815, "tv_failures": 0}, {"variant": "prefix240", "case": "re2tt_ts-auth-service_delay_2", "handle": "24851f5149e4321a", "status": "COMPLETE", "seconds": 11.231872999982443, "tv_failures": 0}, {"variant": "prefix240", "case": "re2tt_ts-auth-service_delay_3", "handle": "549b2f655fc55fd1", "status": "COMPLETE", "seconds": 14.46576069999719, "tv_failures": 0}, {"variant": "prefix240", "case": "re2tt_ts-order-service_disk_1", "handle": "4bdb62f38b122bbc", "status": "COMPLETE", "seconds": 10.55504819995258, "tv_failures": 0}, {"variant": "prefix240", "case": "re2tt_ts-order-service_disk_2", "handle": "b0a2dcc878eeefa3", "status": "COMPLETE", "seconds": 7.942707400012296, "tv_failures": 0}, {"variant": "prefix240", "case": "re2tt_ts-order-service_disk_3", "handle": "9b847bd8f23c07af", "status": "COMPLETE", "seconds": 7.530175199965015, "tv_failures": 0}, {"variant": "prefix240", "case": "re2tt_ts-order-service_loss_1", "handle": "cea480a087995c2a", "status": "COMPLETE", "seconds": 9.630157699983101, "tv_failures": 0}, {"variant": "prefix240", "case": "re2tt_ts-order-service_loss_2", "handle": "f900792c9a1f5622", "status": "COMPLETE", "seconds": 7.047021800011862, "tv_failures": 0}, {"variant": "prefix240", "case": "re2tt_ts-order-service_loss_3", "handle": "9d1464b4fb8a49c0", "status": "COMPLETE", "seconds": 7.138671000022441, "tv_failures": 0}, {"variant": "prefix240", "case": "re2tt_ts-route-service_mem_1", "handle": "58e365eed32084b4", "status": "COMPLETE", "seconds": 8.716499700036366, "tv_failures": 0}, {"variant": "prefix240", "case": "re2tt_ts-route-service_mem_2", "handle": "15fa2ad3a7eecebd", "status": "COMPLETE", "seconds": 8.745843300013803, "tv_failures": 0}, {"variant": "prefix240", "case": "re2tt_ts-route-service_mem_3", "handle": "c60cff817fc2d5cf", "status": "COMPLETE", "seconds": 9.894786500022747, "tv_failures": 0}, {"variant": "prefix240", "case": "re2tt_ts-route-service_socket_1", "handle": "0f1447a5823d8a23", "status": "COMPLETE", "seconds": 10.260816299996804, "tv_failures": 0}, {"variant": "prefix240", "case": "re2tt_ts-route-service_socket_2", "handle": "5bf54b9f116a5fa1", "status": "COMPLETE", "seconds": 8.887902299989946, "tv_failures": 0}, {"variant": "prefix240", "case": "re2tt_ts-route-service_socket_3", "handle": "47f193d58b233d8a", "status": "COMPLETE", "seconds": 9.823152300028596, "tv_failures": 0}, {"variant": "prefix240", "case": "re2tt_ts-train-service_cpu_1", "handle": "f13a01ab09a3962b", "status": "COMPLETE", "seconds": 10.744423900032416, "tv_failures": 0}, {"variant": "prefix240", "case": "re2tt_ts-train-service_cpu_2", "handle": "b4f7da80e26ff729", "status": "COMPLETE", "seconds": 11.422955600020941, "tv_failures": 0}, {"variant": "prefix240", "case": "re2tt_ts-train-service_cpu_3", "handle": "8fe6a000483edc0e", "status": "COMPLETE", "seconds": 11.11941680003656, "tv_failures": 0}, {"variant": "prefix240", "case": "re2tt_ts-train-service_delay_1", "handle": "8534e6237bee1618", "status": "COMPLETE", "seconds": 11.018292799999472, "tv_failures": 0}, {"variant": "prefix240", "case": "re2tt_ts-train-service_delay_2", "handle": "84c4c18e60502036", "status": "COMPLETE", "seconds": 8.72745850001229, "tv_failures": 0}, {"variant": "prefix240", "case": "re2tt_ts-train-service_delay_3", "handle": "0868b9b567cd44c8", "status": "COMPLETE", "seconds": 9.089254699996673, "tv_failures": 0}, {"variant": "prefix240", "case": "re2tt_ts-travel-service_disk_1", "handle": "27afdc4e5ac07b32", "status": "COMPLETE", "seconds": 8.611640400020406, "tv_failures": 0}, {"variant": "prefix240", "case": "re2tt_ts-travel-service_disk_2", "handle": "757b880ecadc87f4", "status": "COMPLETE", "seconds": 8.130710299999919, "tv_failures": 0}, {"variant": "prefix240", "case": "re2tt_ts-travel-service_disk_3", "handle": "3b90d794c8506cef", "status": "COMPLETE", "seconds": 7.854656799987424, "tv_failures": 0}, {"variant": "prefix240", "case": "re2tt_ts-travel-service_loss_1", "handle": "dd8536efed49ca5a", "status": "COMPLETE", "seconds": 8.727244600013364, "tv_failures": 0}, {"variant": "prefix240", "case": "re2tt_ts-travel-service_loss_2", "handle": "b493b6b9e7b01687", "status": "COMPLETE", "seconds": 11.114189099986106, "tv_failures": 0}, {"variant": "prefix240", "case": "re2tt_ts-travel-service_loss_3", "handle": "7138fe1fe1ddf617", "status": "COMPLETE", "seconds": 9.498360599973239, "tv_failures": 0}, {"variant": "lag3", "case": "re2tt_ts-auth-service_cpu_1", "handle": "96538c0c0d6a11d8", "status": "COMPLETE", "seconds": 11.707354400015902, "tv_failures": 0}, {"variant": "lag3", "case": "re2tt_ts-auth-service_cpu_2", "handle": "63f914383963739b", "status": "COMPLETE", "seconds": 10.261087200022303, "tv_failures": 0}, {"variant": "lag3", "case": "re2tt_ts-auth-service_cpu_3", "handle": "45e43770afa33cef", "status": "COMPLETE", "seconds": 9.970135100011248, "tv_failures": 0}, {"variant": "lag3", "case": "re2tt_ts-auth-service_delay_1", "handle": "87443a2d6d14434c", "status": "COMPLETE", "seconds": 10.262939100037329, "tv_failures": 0}, {"variant": "lag3", "case": "re2tt_ts-auth-service_delay_2", "handle": "24851f5149e4321a", "status": "COMPLETE", "seconds": 10.781206500018016, "tv_failures": 0}, {"variant": "lag3", "case": "re2tt_ts-auth-service_delay_3", "handle": "549b2f655fc55fd1", "status": "COMPLETE", "seconds": 9.554761699982919, "tv_failures": 0}, {"variant": "lag3", "case": "re2tt_ts-order-service_disk_1", "handle": "4bdb62f38b122bbc", "status": "COMPLETE", "seconds": 9.895419600012247, "tv_failures": 0}, {"variant": "lag3", "case": "re2tt_ts-order-service_disk_2", "handle": "b0a2dcc878eeefa3", "status": "COMPLETE", "seconds": 6.457328699994832, "tv_failures": 0}, {"variant": "lag3", "case": "re2tt_ts-order-service_disk_3", "handle": "9b847bd8f23c07af", "status": "COMPLETE", "seconds": 6.412987900024746, "tv_failures": 0}, {"variant": "lag3", "case": "re2tt_ts-order-service_loss_1", "handle": "cea480a087995c2a", "status": "COMPLETE", "seconds": 8.42131490004249, "tv_failures": 0}, {"variant": "lag3", "case": "re2tt_ts-order-service_loss_2", "handle": "f900792c9a1f5622", "status": "COMPLETE", "seconds": 10.050078300002497, "tv_failures": 0}, {"variant": "lag3", "case": "re2tt_ts-order-service_loss_3", "handle": "9d1464b4fb8a49c0", "status": "COMPLETE", "seconds": 6.73272009997163, "tv_failures": 0}, {"variant": "lag3", "case": "re2tt_ts-route-service_mem_1", "handle": "58e365eed32084b4", "status": "COMPLETE", "seconds": 10.980466399982106, "tv_failures": 0}, {"variant": "lag3", "case": "re2tt_ts-route-service_mem_2", "handle": "15fa2ad3a7eecebd", "status": "COMPLETE", "seconds": 9.860522900009528, "tv_failures": 0}, {"variant": "lag3", "case": "re2tt_ts-route-service_mem_3", "handle": "c60cff817fc2d5cf", "status": "COMPLETE", "seconds": 9.227224400034174, "tv_failures": 0}, {"variant": "lag3", "case": "re2tt_ts-route-service_socket_1", "handle": "0f1447a5823d8a23", "status": "COMPLETE", "seconds": 8.975155099993572, "tv_failures": 0}, {"variant": "lag3", "case": "re2tt_ts-route-service_socket_2", "handle": "5bf54b9f116a5fa1", "status": "COMPLETE", "seconds": 7.932869600015692, "tv_failures": 0}, {"variant": "lag3", "case": "re2tt_ts-route-service_socket_3", "handle": "47f193d58b233d8a", "status": "COMPLETE", "seconds": 11.56307769997511, "tv_failures": 0}, {"variant": "lag3", "case": "re2tt_ts-train-service_cpu_1", "handle": "f13a01ab09a3962b", "status": "COMPLETE", "seconds": 9.031952199991792, "tv_failures": 0}, {"variant": "lag3", "case": "re2tt_ts-train-service_cpu_2", "handle": "b4f7da80e26ff729", "status": "COMPLETE", "seconds": 8.345635900041088, "tv_failures": 0}, {"variant": "lag3", "case": "re2tt_ts-train-service_cpu_3", "handle": "8fe6a000483edc0e", "status": "COMPLETE", "seconds": 8.014320499962196, "tv_failures": 0}, {"variant": "lag3", "case": "re2tt_ts-train-service_delay_1", "handle": "8534e6237bee1618", "status": "COMPLETE", "seconds": 7.824644599983003, "tv_failures": 0}, {"variant": "lag3", "case": "re2tt_ts-train-service_delay_2", "handle": "84c4c18e60502036", "status": "COMPLETE", "seconds": 6.906057800049894, "tv_failures": 0}, {"variant": "lag3", "case": "re2tt_ts-train-service_delay_3", "handle": "0868b9b567cd44c8", "status": "COMPLETE", "seconds": 7.338036100030877, "tv_failures": 0}, {"variant": "lag3", "case": "re2tt_ts-travel-service_disk_1", "handle": "27afdc4e5ac07b32", "status": "COMPLETE", "seconds": 6.731553099991288, "tv_failures": 0}, {"variant": "lag3", "case": "re2tt_ts-travel-service_disk_2", "handle": "757b880ecadc87f4", "status": "COMPLETE", "seconds": 5.4949483999516815, "tv_failures": 0}, {"variant": "lag3", "case": "re2tt_ts-travel-service_disk_3", "handle": "3b90d794c8506cef", "status": "COMPLETE", "seconds": 6.302286499994807, "tv_failures": 0}, {"variant": "lag3", "case": "re2tt_ts-travel-service_loss_1", "handle": "dd8536efed49ca5a", "status": "COMPLETE", "seconds": 8.238953299995046, "tv_failures": 0}, {"variant": "lag3", "case": "re2tt_ts-travel-service_loss_2", "handle": "b493b6b9e7b01687", "status": "COMPLETE", "seconds": 8.539441399974748, "tv_failures": 0}, {"variant": "lag3", "case": "re2tt_ts-travel-service_loss_3", "handle": "7138fe1fe1ddf617", "status": "COMPLETE", "seconds": 7.1452564999926835, "tv_failures": 0}, {"variant": "residual-floor-0.001", "case": "re2tt_ts-auth-service_cpu_1", "handle": "96538c0c0d6a11d8", "status": "COMPLETE", "seconds": 6.840260099968873, "tv_failures": 0}, {"variant": "residual-floor-0.001", "case": "re2tt_ts-auth-service_cpu_2", "handle": "63f914383963739b", "status": "COMPLETE", "seconds": 7.335924600018188, "tv_failures": 0}, {"variant": "residual-floor-0.001", "case": "re2tt_ts-auth-service_cpu_3", "handle": "45e43770afa33cef", "status": "COMPLETE", "seconds": 6.759953199943993, "tv_failures": 0}, {"variant": "residual-floor-0.001", "case": "re2tt_ts-auth-service_delay_1", "handle": "87443a2d6d14434c", "status": "COMPLETE", "seconds": 6.559000300010666, "tv_failures": 0}, {"variant": "residual-floor-0.001", "case": "re2tt_ts-auth-service_delay_2", "handle": "24851f5149e4321a", "status": "COMPLETE", "seconds": 7.3057684999657795, "tv_failures": 0}, {"variant": "residual-floor-0.001", "case": "re2tt_ts-auth-service_delay_3", "handle": "549b2f655fc55fd1", "status": "COMPLETE", "seconds": 8.177303300006315, "tv_failures": 0}, {"variant": "residual-floor-0.001", "case": "re2tt_ts-order-service_disk_1", "handle": "4bdb62f38b122bbc", "status": "COMPLETE", "seconds": 8.59196280001197, "tv_failures": 0}, {"variant": "residual-floor-0.001", "case": "re2tt_ts-order-service_disk_2", "handle": "b0a2dcc878eeefa3", "status": "COMPLETE", "seconds": 7.305180199968163, "tv_failures": 0}, {"variant": "residual-floor-0.001", "case": "re2tt_ts-order-service_disk_3", "handle": "9b847bd8f23c07af", "status": "COMPLETE", "seconds": 8.288936499971896, "tv_failures": 0}, {"variant": "residual-floor-0.001", "case": "re2tt_ts-order-service_loss_1", "handle": "cea480a087995c2a", "status": "COMPLETE", "seconds": 9.317885499971453, "tv_failures": 0}, {"variant": "residual-floor-0.001", "case": "re2tt_ts-order-service_loss_2", "handle": "f900792c9a1f5622", "status": "COMPLETE", "seconds": 6.817885899974499, "tv_failures": 0}, {"variant": "residual-floor-0.001", "case": "re2tt_ts-order-service_loss_3", "handle": "9d1464b4fb8a49c0", "status": "COMPLETE", "seconds": 6.608010199968703, "tv_failures": 0}, {"variant": "residual-floor-0.001", "case": "re2tt_ts-route-service_mem_1", "handle": "58e365eed32084b4", "status": "COMPLETE", "seconds": 8.805125900020357, "tv_failures": 0}, {"variant": "residual-floor-0.001", "case": "re2tt_ts-route-service_mem_2", "handle": "15fa2ad3a7eecebd", "status": "COMPLETE", "seconds": 6.745356700033881, "tv_failures": 0}, {"variant": "residual-floor-0.001", "case": "re2tt_ts-route-service_mem_3", "handle": "c60cff817fc2d5cf", "status": "COMPLETE", "seconds": 6.728666500013787, "tv_failures": 0}, {"variant": "residual-floor-0.001", "case": "re2tt_ts-route-service_socket_1", "handle": "0f1447a5823d8a23", "status": "COMPLETE", "seconds": 7.275857699976768, "tv_failures": 0}, {"variant": "residual-floor-0.001", "case": "re2tt_ts-route-service_socket_2", "handle": "5bf54b9f116a5fa1", "status": "COMPLETE", "seconds": 15.862749400024768, "tv_failures": 0}, {"variant": "residual-floor-0.001", "case": "re2tt_ts-route-service_socket_3", "handle": "47f193d58b233d8a", "status": "COMPLETE", "seconds": 19.853254699963145, "tv_failures": 0}, {"variant": "residual-floor-0.001", "case": "re2tt_ts-train-service_cpu_1", "handle": "f13a01ab09a3962b", "status": "COMPLETE", "seconds": 8.539564699982293, "tv_failures": 0}, {"variant": "residual-floor-0.001", "case": "re2tt_ts-train-service_cpu_2", "handle": "b4f7da80e26ff729", "status": "COMPLETE", "seconds": 8.129363499989267, "tv_failures": 0}, {"variant": "residual-floor-0.001", "case": "re2tt_ts-train-service_cpu_3", "handle": "8fe6a000483edc0e", "status": "COMPLETE", "seconds": 8.294225100020412, "tv_failures": 0}, {"variant": "residual-floor-0.001", "case": "re2tt_ts-train-service_delay_1", "handle": "8534e6237bee1618", "status": "COMPLETE", "seconds": 9.224709199974313, "tv_failures": 0}, {"variant": "residual-floor-0.001", "case": "re2tt_ts-train-service_delay_2", "handle": "84c4c18e60502036", "status": "COMPLETE", "seconds": 7.682494199951179, "tv_failures": 0}, {"variant": "residual-floor-0.001", "case": "re2tt_ts-train-service_delay_3", "handle": "0868b9b567cd44c8", "status": "COMPLETE", "seconds": 6.9631643000175245, "tv_failures": 0}, {"variant": "residual-floor-0.001", "case": "re2tt_ts-travel-service_disk_1", "handle": "27afdc4e5ac07b32", "status": "COMPLETE", "seconds": 7.469733899983112, "tv_failures": 0}, {"variant": "residual-floor-0.001", "case": "re2tt_ts-travel-service_disk_2", "handle": "757b880ecadc87f4", "status": "COMPLETE", "seconds": 6.852532399992924, "tv_failures": 0}, {"variant": "residual-floor-0.001", "case": "re2tt_ts-travel-service_disk_3", "handle": "3b90d794c8506cef", "status": "COMPLETE", "seconds": 5.813714299991261, "tv_failures": 0}, {"variant": "residual-floor-0.001", "case": "re2tt_ts-travel-service_loss_1", "handle": "dd8536efed49ca5a", "status": "COMPLETE", "seconds": 6.63780999998562, "tv_failures": 0}, {"variant": "residual-floor-0.001", "case": "re2tt_ts-travel-service_loss_2", "handle": "b493b6b9e7b01687", "status": "COMPLETE", "seconds": 6.505234999989625, "tv_failures": 0}, {"variant": "residual-floor-0.001", "case": "re2tt_ts-travel-service_loss_3", "handle": "7138fe1fe1ddf617", "status": "COMPLETE", "seconds": 6.760626700008288, "tv_failures": 0}, {"variant": "residual-floor-0.1", "case": "re2tt_ts-auth-service_cpu_1", "handle": "96538c0c0d6a11d8", "status": "COMPLETE", "seconds": 6.2815085999900475, "tv_failures": 0}, {"variant": "residual-floor-0.1", "case": "re2tt_ts-auth-service_cpu_2", "handle": "63f914383963739b", "status": "COMPLETE", "seconds": 6.52783899998758, "tv_failures": 0}, {"variant": "residual-floor-0.1", "case": "re2tt_ts-auth-service_cpu_3", "handle": "45e43770afa33cef", "status": "COMPLETE", "seconds": 6.90980970003875, "tv_failures": 0}, {"variant": "residual-floor-0.1", "case": "re2tt_ts-auth-service_delay_1", "handle": "87443a2d6d14434c", "status": "COMPLETE", "seconds": 8.973384300014004, "tv_failures": 0}, {"variant": "residual-floor-0.1", "case": "re2tt_ts-auth-service_delay_2", "handle": "24851f5149e4321a", "status": "COMPLETE", "seconds": 16.582341800036374, "tv_failures": 0}, {"variant": "residual-floor-0.1", "case": "re2tt_ts-auth-service_delay_3", "handle": "549b2f655fc55fd1", "status": "COMPLETE", "seconds": 19.07093599997461, "tv_failures": 0}, {"variant": "residual-floor-0.1", "case": "re2tt_ts-order-service_disk_1", "handle": "4bdb62f38b122bbc", "status": "COMPLETE", "seconds": 20.18198280001525, "tv_failures": 0}, {"variant": "residual-floor-0.1", "case": "re2tt_ts-order-service_disk_2", "handle": "b0a2dcc878eeefa3", "status": "COMPLETE", "seconds": 15.36608680000063, "tv_failures": 0}, {"variant": "residual-floor-0.1", "case": "re2tt_ts-order-service_disk_3", "handle": "9b847bd8f23c07af", "status": "COMPLETE", "seconds": 14.034597199992277, "tv_failures": 0}, {"variant": "residual-floor-0.1", "case": "re2tt_ts-order-service_loss_1", "handle": "cea480a087995c2a", "status": "COMPLETE", "seconds": 18.210523000045214, "tv_failures": 0}, {"variant": "residual-floor-0.1", "case": "re2tt_ts-order-service_loss_2", "handle": "f900792c9a1f5622", "status": "COMPLETE", "seconds": 15.537952900049277, "tv_failures": 0}, {"variant": "residual-floor-0.1", "case": "re2tt_ts-order-service_loss_3", "handle": "9d1464b4fb8a49c0", "status": "COMPLETE", "seconds": 15.227405899961013, "tv_failures": 0}, {"variant": "residual-floor-0.1", "case": "re2tt_ts-route-service_mem_1", "handle": "58e365eed32084b4", "status": "COMPLETE", "seconds": 19.395630300045013, "tv_failures": 0}, {"variant": "residual-floor-0.1", "case": "re2tt_ts-route-service_mem_2", "handle": "15fa2ad3a7eecebd", "status": "COMPLETE", "seconds": 18.437958499998786, "tv_failures": 0}, {"variant": "residual-floor-0.1", "case": "re2tt_ts-route-service_mem_3", "handle": "c60cff817fc2d5cf", "status": "COMPLETE", "seconds": 23.65069239999866, "tv_failures": 0}, {"variant": "residual-floor-0.1", "case": "re2tt_ts-route-service_socket_1", "handle": "0f1447a5823d8a23", "status": "COMPLETE", "seconds": 18.799750300007872, "tv_failures": 0}, {"variant": "residual-floor-0.1", "case": "re2tt_ts-route-service_socket_2", "handle": "5bf54b9f116a5fa1", "status": "COMPLETE", "seconds": 23.544219400035217, "tv_failures": 0}, {"variant": "residual-floor-0.1", "case": "re2tt_ts-route-service_socket_3", "handle": "47f193d58b233d8a", "status": "COMPLETE", "seconds": 26.005370599974412, "tv_failures": 0}, {"variant": "residual-floor-0.1", "case": "re2tt_ts-train-service_cpu_1", "handle": "f13a01ab09a3962b", "status": "COMPLETE", "seconds": 16.483754999993835, "tv_failures": 0}, {"variant": "residual-floor-0.1", "case": "re2tt_ts-train-service_cpu_2", "handle": "b4f7da80e26ff729", "status": "COMPLETE", "seconds": 10.084380999964196, "tv_failures": 0}, {"variant": "residual-floor-0.1", "case": "re2tt_ts-train-service_cpu_3", "handle": "8fe6a000483edc0e", "status": "COMPLETE", "seconds": 12.459509600012098, "tv_failures": 0}, {"variant": "residual-floor-0.1", "case": "re2tt_ts-train-service_delay_1", "handle": "8534e6237bee1618", "status": "COMPLETE", "seconds": 11.157835200021509, "tv_failures": 0}, {"variant": "residual-floor-0.1", "case": "re2tt_ts-train-service_delay_2", "handle": "84c4c18e60502036", "status": "COMPLETE", "seconds": 13.503245099971537, "tv_failures": 0}, {"variant": "residual-floor-0.1", "case": "re2tt_ts-train-service_delay_3", "handle": "0868b9b567cd44c8", "status": "COMPLETE", "seconds": 12.784699800016824, "tv_failures": 0}, {"variant": "residual-floor-0.1", "case": "re2tt_ts-travel-service_disk_1", "handle": "27afdc4e5ac07b32", "status": "COMPLETE", "seconds": 17.43115800002124, "tv_failures": 0}, {"variant": "residual-floor-0.1", "case": "re2tt_ts-travel-service_disk_2", "handle": "757b880ecadc87f4", "status": "COMPLETE", "seconds": 12.446477800025605, "tv_failures": 0}, {"variant": "residual-floor-0.1", "case": "re2tt_ts-travel-service_disk_3", "handle": "3b90d794c8506cef", "status": "COMPLETE", "seconds": 17.96768110000994, "tv_failures": 0}, {"variant": "residual-floor-0.1", "case": "re2tt_ts-travel-service_loss_1", "handle": "dd8536efed49ca5a", "status": "COMPLETE", "seconds": 12.618016200023703, "tv_failures": 0}, {"variant": "residual-floor-0.1", "case": "re2tt_ts-travel-service_loss_2", "handle": "b493b6b9e7b01687", "status": "COMPLETE", "seconds": 21.484596499998588, "tv_failures": 0}, {"variant": "residual-floor-0.1", "case": "re2tt_ts-travel-service_loss_3", "handle": "7138fe1fe1ddf617", "status": "COMPLETE", "seconds": 13.514862000010908, "tv_failures": 0}, {"variant": "relative-floor-0.0001", "case": "re2tt_ts-auth-service_cpu_1", "handle": "96538c0c0d6a11d8", "status": "COMPLETE", "seconds": 16.78309760004049, "tv_failures": 0}, {"variant": "relative-floor-0.0001", "case": "re2tt_ts-auth-service_cpu_2", "handle": "63f914383963739b", "status": "COMPLETE", "seconds": 21.01627699995879, "tv_failures": 0}, {"variant": "relative-floor-0.0001", "case": "re2tt_ts-auth-service_cpu_3", "handle": "45e43770afa33cef", "status": "COMPLETE", "seconds": 15.16469289996894, "tv_failures": 0}, {"variant": "relative-floor-0.0001", "case": "re2tt_ts-auth-service_delay_1", "handle": "87443a2d6d14434c", "status": "COMPLETE", "seconds": 10.655806199996732, "tv_failures": 0}, {"variant": "relative-floor-0.0001", "case": "re2tt_ts-auth-service_delay_2", "handle": "24851f5149e4321a", "status": "COMPLETE", "seconds": 10.518321799987461, "tv_failures": 0}, {"variant": "relative-floor-0.0001", "case": "re2tt_ts-auth-service_delay_3", "handle": "549b2f655fc55fd1", "status": "COMPLETE", "seconds": 11.482797499978915, "tv_failures": 0}, {"variant": "relative-floor-0.0001", "case": "re2tt_ts-order-service_disk_1", "handle": "4bdb62f38b122bbc", "status": "COMPLETE", "seconds": 14.37655480002286, "tv_failures": 0}, {"variant": "relative-floor-0.0001", "case": "re2tt_ts-order-service_disk_2", "handle": "b0a2dcc878eeefa3", "status": "COMPLETE", "seconds": 18.967904199962504, "tv_failures": 0}, {"variant": "relative-floor-0.0001", "case": "re2tt_ts-order-service_disk_3", "handle": "9b847bd8f23c07af", "status": "COMPLETE", "seconds": 11.825151400000323, "tv_failures": 0}, {"variant": "relative-floor-0.0001", "case": "re2tt_ts-order-service_loss_1", "handle": "cea480a087995c2a", "status": "COMPLETE", "seconds": 11.921193599991966, "tv_failures": 0}, {"variant": "relative-floor-0.0001", "case": "re2tt_ts-order-service_loss_2", "handle": "f900792c9a1f5622", "status": "COMPLETE", "seconds": 9.245110200019553, "tv_failures": 0}, {"variant": "relative-floor-0.0001", "case": "re2tt_ts-order-service_loss_3", "handle": "9d1464b4fb8a49c0", "status": "COMPLETE", "seconds": 8.553891399991699, "tv_failures": 0}, {"variant": "relative-floor-0.0001", "case": "re2tt_ts-route-service_mem_1", "handle": "58e365eed32084b4", "status": "COMPLETE", "seconds": 18.373025400040206, "tv_failures": 0}, {"variant": "relative-floor-0.0001", "case": "re2tt_ts-route-service_mem_2", "handle": "15fa2ad3a7eecebd", "status": "COMPLETE", "seconds": 12.118828499980737, "tv_failures": 0}, {"variant": "relative-floor-0.0001", "case": "re2tt_ts-route-service_mem_3", "handle": "c60cff817fc2d5cf", "status": "COMPLETE", "seconds": 17.362114000017755, "tv_failures": 0}, {"variant": "relative-floor-0.0001", "case": "re2tt_ts-route-service_socket_1", "handle": "0f1447a5823d8a23", "status": "COMPLETE", "seconds": 16.46120899997186, "tv_failures": 0}, {"variant": "relative-floor-0.0001", "case": "re2tt_ts-route-service_socket_2", "handle": "5bf54b9f116a5fa1", "status": "COMPLETE", "seconds": 14.39840369997546, "tv_failures": 0}, {"variant": "relative-floor-0.0001", "case": "re2tt_ts-route-service_socket_3", "handle": "47f193d58b233d8a", "status": "COMPLETE", "seconds": 21.663238500012085, "tv_failures": 0}, {"variant": "relative-floor-0.0001", "case": "re2tt_ts-train-service_cpu_1", "handle": "f13a01ab09a3962b", "status": "COMPLETE", "seconds": 20.75018309999723, "tv_failures": 0}, {"variant": "relative-floor-0.0001", "case": "re2tt_ts-train-service_cpu_2", "handle": "b4f7da80e26ff729", "status": "COMPLETE", "seconds": 11.71709800005192, "tv_failures": 0}, {"variant": "relative-floor-0.0001", "case": "re2tt_ts-train-service_cpu_3", "handle": "8fe6a000483edc0e", "status": "COMPLETE", "seconds": 10.783246900013182, "tv_failures": 0}, {"variant": "relative-floor-0.0001", "case": "re2tt_ts-train-service_delay_1", "handle": "8534e6237bee1618", "status": "COMPLETE", "seconds": 10.438196599949151, "tv_failures": 0}, {"variant": "relative-floor-0.0001", "case": "re2tt_ts-train-service_delay_2", "handle": "84c4c18e60502036", "status": "COMPLETE", "seconds": 11.471994099963922, "tv_failures": 0}, {"variant": "relative-floor-0.0001", "case": "re2tt_ts-train-service_delay_3", "handle": "0868b9b567cd44c8", "status": "COMPLETE", "seconds": 12.902640599990264, "tv_failures": 0}, {"variant": "relative-floor-0.0001", "case": "re2tt_ts-travel-service_disk_1", "handle": "27afdc4e5ac07b32", "status": "COMPLETE", "seconds": 16.334466900036205, "tv_failures": 0}, {"variant": "relative-floor-0.0001", "case": "re2tt_ts-travel-service_disk_2", "handle": "757b880ecadc87f4", "status": "COMPLETE", "seconds": 11.209740000020247, "tv_failures": 0}, {"variant": "relative-floor-0.0001", "case": "re2tt_ts-travel-service_disk_3", "handle": "3b90d794c8506cef", "status": "COMPLETE", "seconds": 8.88990259997081, "tv_failures": 0}, {"variant": "relative-floor-0.0001", "case": "re2tt_ts-travel-service_loss_1", "handle": "dd8536efed49ca5a", "status": "COMPLETE", "seconds": 11.740495899983216, "tv_failures": 0}, {"variant": "relative-floor-0.0001", "case": "re2tt_ts-travel-service_loss_2", "handle": "b493b6b9e7b01687", "status": "COMPLETE", "seconds": 12.959911899990402, "tv_failures": 0}, {"variant": "relative-floor-0.0001", "case": "re2tt_ts-travel-service_loss_3", "handle": "7138fe1fe1ddf617", "status": "COMPLETE", "seconds": 22.23358959995676, "tv_failures": 0}, {"variant": "relative-floor-0.001", "case": "re2tt_ts-auth-service_cpu_1", "handle": "96538c0c0d6a11d8", "status": "COMPLETE", "seconds": 16.393960599962156, "tv_failures": 0}, {"variant": "relative-floor-0.001", "case": "re2tt_ts-auth-service_cpu_2", "handle": "63f914383963739b", "status": "COMPLETE", "seconds": 25.94146370003, "tv_failures": 0}, {"variant": "relative-floor-0.001", "case": "re2tt_ts-auth-service_cpu_3", "handle": "45e43770afa33cef", "status": "COMPLETE", "seconds": 29.937655900022946, "tv_failures": 0}, {"variant": "relative-floor-0.001", "case": "re2tt_ts-auth-service_delay_1", "handle": "87443a2d6d14434c", "status": "COMPLETE", "seconds": 15.293223899963778, "tv_failures": 0}, {"variant": "relative-floor-0.001", "case": "re2tt_ts-auth-service_delay_2", "handle": "24851f5149e4321a", "status": "COMPLETE", "seconds": 14.830450000008568, "tv_failures": 0}, {"variant": "relative-floor-0.001", "case": "re2tt_ts-auth-service_delay_3", "handle": "549b2f655fc55fd1", "status": "COMPLETE", "seconds": 21.106742000032682, "tv_failures": 0}, {"variant": "relative-floor-0.001", "case": "re2tt_ts-order-service_disk_1", "handle": "4bdb62f38b122bbc", "status": "COMPLETE", "seconds": 19.833291599992663, "tv_failures": 0}, {"variant": "relative-floor-0.001", "case": "re2tt_ts-order-service_disk_2", "handle": "b0a2dcc878eeefa3", "status": "COMPLETE", "seconds": 11.099620399996638, "tv_failures": 0}, {"variant": "relative-floor-0.001", "case": "re2tt_ts-order-service_disk_3", "handle": "9b847bd8f23c07af", "status": "COMPLETE", "seconds": 8.317586899967864, "tv_failures": 0}, {"variant": "relative-floor-0.001", "case": "re2tt_ts-order-service_loss_1", "handle": "cea480a087995c2a", "status": "COMPLETE", "seconds": 12.216985400009435, "tv_failures": 0}, {"variant": "relative-floor-0.001", "case": "re2tt_ts-order-service_loss_2", "handle": "f900792c9a1f5622", "status": "COMPLETE", "seconds": 14.438028800010215, "tv_failures": 0}, {"variant": "relative-floor-0.001", "case": "re2tt_ts-order-service_loss_3", "handle": "9d1464b4fb8a49c0", "status": "COMPLETE", "seconds": 8.24839569994947, "tv_failures": 0}, {"variant": "relative-floor-0.001", "case": "re2tt_ts-route-service_mem_1", "handle": "58e365eed32084b4", "status": "COMPLETE", "seconds": 19.061554900021292, "tv_failures": 0}, {"variant": "relative-floor-0.001", "case": "re2tt_ts-route-service_mem_2", "handle": "15fa2ad3a7eecebd", "status": "COMPLETE", "seconds": 9.659548600029666, "tv_failures": 0}, {"variant": "relative-floor-0.001", "case": "re2tt_ts-route-service_mem_3", "handle": "c60cff817fc2d5cf", "status": "COMPLETE", "seconds": 17.594551899994258, "tv_failures": 0}, {"variant": "relative-floor-0.001", "case": "re2tt_ts-route-service_socket_1", "handle": "0f1447a5823d8a23", "status": "COMPLETE", "seconds": 13.503988299984485, "tv_failures": 0}, {"variant": "relative-floor-0.001", "case": "re2tt_ts-route-service_socket_2", "handle": "5bf54b9f116a5fa1", "status": "COMPLETE", "seconds": 12.196647799981292, "tv_failures": 0}, {"variant": "relative-floor-0.001", "case": "re2tt_ts-route-service_socket_3", "handle": "47f193d58b233d8a", "status": "COMPLETE", "seconds": 16.379963300016243, "tv_failures": 0}, {"variant": "relative-floor-0.001", "case": "re2tt_ts-train-service_cpu_1", "handle": "f13a01ab09a3962b", "status": "COMPLETE", "seconds": 13.768083999981172, "tv_failures": 0}, {"variant": "relative-floor-0.001", "case": "re2tt_ts-train-service_cpu_2", "handle": "b4f7da80e26ff729", "status": "COMPLETE", "seconds": 21.191079999960493, "tv_failures": 0}, {"variant": "relative-floor-0.001", "case": "re2tt_ts-train-service_cpu_3", "handle": "8fe6a000483edc0e", "status": "COMPLETE", "seconds": 23.914991299971007, "tv_failures": 0}, {"variant": "relative-floor-0.001", "case": "re2tt_ts-train-service_delay_1", "handle": "8534e6237bee1618", "status": "COMPLETE", "seconds": 20.766896900022402, "tv_failures": 0}, {"variant": "relative-floor-0.001", "case": "re2tt_ts-train-service_delay_2", "handle": "84c4c18e60502036", "status": "COMPLETE", "seconds": 18.639237500028685, "tv_failures": 0}, {"variant": "relative-floor-0.001", "case": "re2tt_ts-train-service_delay_3", "handle": "0868b9b567cd44c8", "status": "COMPLETE", "seconds": 16.630615600035526, "tv_failures": 0}, {"variant": "relative-floor-0.001", "case": "re2tt_ts-travel-service_disk_1", "handle": "27afdc4e5ac07b32", "status": "COMPLETE", "seconds": 16.268730899959337, "tv_failures": 0}, {"variant": "relative-floor-0.001", "case": "re2tt_ts-travel-service_disk_2", "handle": "757b880ecadc87f4", "status": "COMPLETE", "seconds": 15.717246000014711, "tv_failures": 0}, {"variant": "relative-floor-0.001", "case": "re2tt_ts-travel-service_disk_3", "handle": "3b90d794c8506cef", "status": "COMPLETE", "seconds": 14.399150300014298, "tv_failures": 0}, {"variant": "relative-floor-0.001", "case": "re2tt_ts-travel-service_loss_1", "handle": "dd8536efed49ca5a", "status": "COMPLETE", "seconds": 16.797742300026584, "tv_failures": 0}, {"variant": "relative-floor-0.001", "case": "re2tt_ts-travel-service_loss_2", "handle": "b493b6b9e7b01687", "status": "COMPLETE", "seconds": 17.302175499964505, "tv_failures": 0}, {"variant": "relative-floor-0.001", "case": "re2tt_ts-travel-service_loss_3", "handle": "7138fe1fe1ddf617", "status": "COMPLETE", "seconds": 16.289601799973752, "tv_failures": 0}], "prediction_failures": 0, "input_unavailable": 0, "tv_failed_case_runs": 0, "predictions_seal_sha256": "759bef0a51f040a2c68173fcc1dcaa4ff3e0ce8f8d389f8801bbf53fb2ce43f1", "status": "COMPLETE"}
