test_baro_downshift_and_spike (__main__.ComparatorInterfaceChecks.test_baro_downshift_and_spike) ... ok
test_rcd_interface_exception_and_empty_are_distinct (__main__.ComparatorInterfaceChecks.test_rcd_interface_exception_and_empty_are_distinct) ... ok
test_full_tie (__main__.EvaluatorChecks.test_full_tie) ... ok
test_missing_and_failure_zero (__main__.EvaluatorChecks.test_missing_and_failure_zero) ... ok
test_partial_tie_crosses_cutoff (__main__.EvaluatorChecks.test_partial_tie_crosses_cutoff) ... ok
test_planned_denominator (__main__.EvaluatorChecks.test_planned_denominator) ... ok
test_rank_one (__main__.EvaluatorChecks.test_rank_one) ... ok
test_rcd_partial_empty_and_duplicate (__main__.EvaluatorChecks.test_rcd_partial_empty_and_duplicate) ... ok
test_R_degree_components_and_draw_retention (__main__.LocalAndGraphChecks.test_R_degree_components_and_draw_retention) ... ok
test_available_modality_not_fixed_discount (__main__.LocalAndGraphChecks.test_available_modality_not_fixed_discount) ... ok
test_c5_ambiguity_is_reproducible (__main__.LocalAndGraphChecks.test_c5_ambiguity_is_reproducible) ... ok
test_chain_star_mass_and_index_equivariance (__main__.LocalAndGraphChecks.test_chain_star_mass_and_index_equivariance) ... ok
test_isolate_and_large_values (__main__.LocalAndGraphChecks.test_isolate_and_large_values) ... ok
test_query_only_count_is_unavailable (__main__.LocalAndGraphChecks.test_query_only_count_is_unavailable) ... ok
test_robust_deviation_type7 (__main__.LocalAndGraphChecks.test_robust_deviation_type7) ... ok
test_two_node_ppr_closed_form (__main__.LocalAndGraphChecks.test_two_node_ppr_closed_form) ... ok
test_value_diffusion_closed_form_and_constant (__main__.LocalAndGraphChecks.test_value_diffusion_closed_form_and_constant) ... ok
test_zero_and_positive_uniform_different_semantics (__main__.LocalAndGraphChecks.test_zero_and_positive_uniform_different_semantics) ... ok

----------------------------------------------------------------------
Ran 18 tests in 0.781s

OK
