test_C1_and_batch_rank_have_closed_form_expected_values (__main__.ActualProcessChecks.test_C1_and_batch_rank_have_closed_form_expected_values) ... ok
test_child_independently_rejects_bad_fields_before_fit (__main__.ActualProcessChecks.test_child_independently_rejects_bad_fields_before_fit) ... ok
test_child_is_distinct_process_and_has_no_controller_imports (__main__.ActualProcessChecks.test_child_is_distinct_process_and_has_no_controller_imports) ... ok
test_constant_prefix_has_exact_analytic_normal_score (__main__.ActualProcessChecks.test_constant_prefix_has_exact_analytic_normal_score) ... ok
test_fresh_process_repeat_and_unsent_future_have_identical_prefix_output (__main__.ActualProcessChecks.test_fresh_process_repeat_and_unsent_future_have_identical_prefix_output) ... ok
test_joint_permutation_preserves_mapped_C5_results (__main__.ActualProcessChecks.test_joint_permutation_preserves_mapped_C5_results) ... ok
test_multiconfig_states_share_exact_target_ids_and_frozen_values (__main__.ActualProcessChecks.test_multiconfig_states_share_exact_target_ids_and_frozen_values) ... ok
test_only_one_bin_and_strict_next_relative_index_are_admitted (__main__.ActualProcessChecks.test_only_one_bin_and_strict_next_relative_index_are_admitted) ... ok
test_spike_analytic_residual_and_missing_current_masks (__main__.ActualProcessChecks.test_spike_analytic_residual_and_missing_current_masks) ... ok
test_object_cache_and_absent_provenance_are_rejected (__main__.ExactCacheChecks.test_object_cache_and_absent_provenance_are_rejected) ... ok
test_profile_source_td_code_config_and_cutoff_each_change_identity (__main__.ExactCacheChecks.test_profile_source_td_code_config_and_cutoff_each_change_identity) ... ok
test_raw_and_cache_actual_process_outputs_are_identical (__main__.ExactCacheChecks.test_raw_and_cache_actual_process_outputs_are_identical) ... ok
test_roundtrip_and_repeat_write_preserve_exact_arrays (__main__.ExactCacheChecks.test_roundtrip_and_repeat_write_preserve_exact_arrays) ... ok
test_same_identity_cannot_overwrite_different_numeric_values (__main__.ExactCacheChecks.test_same_identity_cannot_overwrite_different_numeric_values) ... ok
test_stale_manifest_wrong_bytes_and_numeric_tamper_are_rejected (__main__.ExactCacheChecks.test_stale_manifest_wrong_bytes_and_numeric_tamper_are_rejected) ... ok
test_forbidden_labels_paths_tau_epochs_names_and_extra_fields (__main__.StrictProtocolChecks.test_forbidden_labels_paths_tau_epochs_names_and_extra_fields) ... ok
test_future_suffix_and_mixed_prefix_grids_are_rejected (__main__.StrictProtocolChecks.test_future_suffix_and_mixed_prefix_grids_are_rejected) ... ok
test_nested_configuration_cannot_smuggle_metadata (__main__.StrictProtocolChecks.test_nested_configuration_cannot_smuggle_metadata) ... ok
test_objects_strings_infinite_values_and_nonboolean_masks_are_rejected (__main__.StrictProtocolChecks.test_objects_strings_infinite_values_and_nonboolean_masks_are_rejected) ... ok
test_wire_roundtrip_never_needs_pickle_and_keeps_missing_mask (__main__.StrictProtocolChecks.test_wire_roundtrip_never_needs_pickle_and_keeps_missing_mask) ... ok
test_worker_import_source_has_no_controller_loader_evaluator_or_cache (__main__.StrictProtocolChecks.test_worker_import_source_has_no_controller_loader_evaluator_or_cache) ... ok

----------------------------------------------------------------------
Ran 21 tests in 1.214s

OK
