test_duplicate_conflict_invalidates_channel (__main__.Adapters.test_duplicate_conflict_invalidates_channel) ... ERROR
test_finite_240_gate_not_row_count (__main__.Adapters.test_finite_240_gate_not_row_count) ... ERROR
test_integrated_history_and_past_only_cutoff (__main__.Adapters.test_integrated_history_and_past_only_cutoff) ... ok
test_raw_seconds_not_binned_and_reference_only_imputation (__main__.Adapters.test_raw_seconds_not_binned_and_reference_only_imputation) ... ERROR

======================================================================
ERROR: test_duplicate_conflict_invalidates_channel (__main__.Adapters.test_duplicate_conflict_invalidates_channel)
----------------------------------------------------------------------
Traceback (most recent call last):
  File "D:\Project\flash-ticket-rca-research\tests\task_e\test_adapters.py", line 47, in test_duplicate_conflict_invalidates_channel
    self.assertEqual(rcd_bundle(r,400,['a'])['values'].shape,(600,1))
                     ^^^^^^^^^^^^^^^^^^^^^^^
  File "D:\Project\flash-ticket-rca-research\scripts\task_e\input_adapters.py", line 25, in rcd_bundle
    values[~np.isfinite(values)] = np.nan
    ~~~~~~^^^^^^^^^^^^^^^^^^^^^^
ValueError: assignment destination is read-only

======================================================================
ERROR: test_finite_240_gate_not_row_count (__main__.Adapters.test_finite_240_gate_not_row_count)
----------------------------------------------------------------------
Traceback (most recent call last):
  File "D:\Project\flash-ticket-rca-research\tests\task_e\test_adapters.py", line 39, in test_finite_240_gate_not_row_count
    self.assertEqual(rcd_bundle(r,400,['a'])['values'].shape,(600,0))
                     ^^^^^^^^^^^^^^^^^^^^^^^
  File "D:\Project\flash-ticket-rca-research\scripts\task_e\input_adapters.py", line 25, in rcd_bundle
    values[~np.isfinite(values)] = np.nan
    ~~~~~~^^^^^^^^^^^^^^^^^^^^^^
ValueError: assignment destination is read-only

======================================================================
ERROR: test_raw_seconds_not_binned_and_reference_only_imputation (__main__.Adapters.test_raw_seconds_not_binned_and_reference_only_imputation)
----------------------------------------------------------------------
Traceback (most recent call last):
  File "D:\Project\flash-ticket-rca-research\tests\task_e\test_adapters.py", line 28, in test_raw_seconds_not_binned_and_reference_only_imputation
    b = rcd_bundle(r, 400, ['a'])
        ^^^^^^^^^^^^^^^^^^^^^^^^^
  File "D:\Project\flash-ticket-rca-research\scripts\task_e\input_adapters.py", line 25, in rcd_bundle
    values[~np.isfinite(values)] = np.nan
    ~~~~~~^^^^^^^^^^^^^^^^^^^^^^
ValueError: assignment destination is read-only

----------------------------------------------------------------------
Ran 4 tests in 0.111s

FAILED (errors=3)
